Microchip MPLAB XC8 Compiler V2.32

Linker command line:

-W-3 --edf=C:\Program Files\Microchip\xc8\v2.32\pic\dat\en_msgs.txt -cn \
  -h+dist/default/production\usbcdcdemo.X.production.sym \
  --cmf=dist/default/production\usbcdcdemo.X.production.cmf -z -Q18F4550 \
  -oC:\Users\joaqu\AppData\Local\Temp\xcAs22s.4 --defsym=__MPLAB_BUILD=1 \
  -Mdist/default/production/usbcdcdemo.X.production.map -E1 \
  -ver=XC8 Compiler --acfsm=1493 -ASTACK=016Fh-03FFh -pstack=STACK \
  -ACODE=01000h-07FFFh -ACONST=01000h-07FFFh -ASMALLCONST=01000h-010FFhx112 \
  -AMEDIUMCONST=01000h-07FFFh -ACOMRAM=01h-05Fh -AABS1=00h-07FFh \
  -ABIGRAM=01h-07FFh -ARAM=060h-0FFh,0100h-01FFhx7 -ABANK0=060h-0FFh \
  -ABANK1=0100h-01FFh -ABANK2=0200h-02FFh -ABANK3=0300h-03FFh \
  -ABANK4=0400h-04FFh -ABANK5=0500h-05FFh -ABANK6=0600h-06FFh \
  -ABANK7=0700h-07FFh -ASFR=0F60h-0FFFh -ACONFIG=0300000h-030000Dh \
  -AIDLOC=0200000h-0200007h -AEEDATA=0F00000h-0F000FFh -peeprom_data=EEDATA \
  -preset_vec=01000h,intcode=01008h,intcodelo,powerup,init -pramtop=0800h \
  -psmallconst=SMALLCONST -pmediumconst=MEDIUMCONST -pconst=CONST \
  -AFARRAM=00h-00h \
  -prdata=COMRAM,nvrram=COMRAM,nvbit=COMRAM,rbss=COMRAM,rbit=COMRAM \
  -pfarbss=FARRAM,fardata=FARRAM,nvFARRAM=FARRAM \
  -pintsave_regs=BIGRAM,bigbss=BIGRAM,bigdata=BIGRAM -pbss=RAM \
  -pidata=CODE,irdata=CODE,ibigdata=CODE,ifardata=CODE -prparam=COMRAM \
  C:\Users\joaqu\AppData\Local\Temp\xcAs22s.o \
  dist/default/production\usbcdcdemo.X.production.o 

Object code version is 3.11

Machine type is 18F4550



                Name                               Link     Load   Length Selector   Space Scale
C:\Users\joaqu\AppData\Local\Temp\xcAs22s.o
                idloc                            200000   200000        8        0       5
                config                           300000   300000        E        0       4
                init                               100E     100E        4      804       0
                reset_vec                          1000     1000        4      800       0
dist/default/production\usbcdcdemo.X.production.o
                intcode                            1008     1008        6      804       0
                idloc                            200000   200000        8        0       5
                config                           300000   300000        E        0       4
                temp                                 56       56        1        1       1
                mediumconst                        1012     1012      130      809       0
                text72                             4516     4516      110      8A1       0
                text71                             4840     4840      10A      8A1       0
                text70                             4C56     4C56       F2      8A1       0
                text69                             3EEA     3EEA      144      8A1       0
                text68                             56CE     56CE       74      8A1       0
                text67                             5406     5406       AC      8A1       0
                text66                             5B7A     5B7A       4C      8A1       0
                text65                             42B2     42B2      13E      8A1       0
                text64                             595E     595E       64      8A1       0
                text63                             4734     4734      10C      8A1       0
                text62                             5542     5542       88      8A1       0
                text61                             2A84     2A84      35C      8A1       0
                text60                             3996     3996      174      8A1       0
                text59                             4626     4626      10E      8A1       0
                text58                             3820     3820      176      8A1       0
                text57                             4D48     4D48       EA      8A1       0
                text56                             43F0     43F0      126      8A1       0
                text55                             5148     5148       B4      8A1       0
                text54                             4170     4170      142      8A1       0
                text53                             54B2     54B2       90      8A1       0
                text52                             5B2A     5B2A       50      8A1       0
                text51                             5090     5090       B8      8A1       0
                text50                             5E20     5E20       32      8A1       0
                text49                             5A22     5A22       60      8A1       0
                text48                             5EDE     5EDE       2C      8A1       0
                text47                             5C8E     5C8E       3E      8A1       0
                text46                             3DA0     3DA0      14A      8A1       0
                text45                             312C     312C      228      8A1       0
                text44                             5E82     5E82       30      8A1       0
                intcode_body                       4F16     4F16       C2      8A1       0
                text42                             5C4C     5C4C       42      8A1       0
                text41                             564C     564C       82      8A1       0
                text40                             4B58     4B58       FE      8A1       0
                text39                             55CA     55CA       82      8A1       0
                text38                             5DB2     5DB2       38      8A1       0
                text37                             5F98     5F98        A     2FC5       0
                text36                             5F56     5F56       20      8A1       0
                text35                             5C0A     5C0A       42      8A1       0
                text34                             36A8     36A8      178      8A1       0
                text33                             3C56     3C56      14A      8A1       0
                text32                             5F8A     5F8A        E     2FC5       0
                text31                             5D7A     5D7A       38      8A1       0
                text30                             402E     402E      142      8A1       0
                text29                             350C     350C      19C      8A1       0
                text28                             5EB2     5EB2       2C      8A1       0
                text27                             535A     535A       AC      8A1       0
                text26                             5BC6     5BC6       44      8A1       0
                text25                             494A     494A      108      8A1       0
                text24                             26E8     26E8      39C      8A1       0
                text23                             52AE     52AE       AC      8A1       0
                text22                             4A52     4A52      106      8A1       0
                text21                             22BC     22BC      42C      8A1       0
                text20                             5D40     5D40       3A      8A1       0
                text19                             57B4     57B4       6C      8A1       0
                text18                             5F0A     5F0A       28      8A1       0
                text17                             3354     3354      1B8      8A1       0
                text16                             5D06     5D06       3A      8A1       0
                text15                             5AD6     5AD6       54      8A1       0
                text14                             5742     5742       72      8A1       0
                text13                             5F32     5F32       24      8A1       0
                text12                             5CCC     5CCC       3A      8A1       0
                text11                             59C2     59C2       60      8A1       0
                text10                             1142     1142     117A      8A1       0
                text9                              5A82     5A82       54      8A1       0
                text8                              58F4     58F4       6A      8A1       0
                text7                              588A     588A       6A      8A1       0
                text6                              4E32     4E32       E4      8A1       0
                text5                              3B0A     3B0A      14C      8A1       0
                text4                              2DE0     2DE0      34C      8A1       0
                text3                              4FD8     4FD8       B8      8A1       0
                text2                              51FC     51FC       B2      8A1       0
                text1                              5E52     5E52       30      8A1       0
                text0                              5DEA     5DEA       36      8A1       0
                cstackCOMRAM                          1        1       2A        1       1
                cstackBANK0                          60       60       61       60       1
                cstackBANK1                         165      165        A      100       1
                dataBANK1                           152      152       13      100       1
                bssBANK1                            100      100       52      100       1
                bssBANK0                             C1       C1       38       60       1
                dataCOMRAM                           54       54        2        1       1
                bssCOMRAM                            2B       2B       29        1       1
                cinit                              5820     5820       6A      8A1       0
                idataBANK1                         5F76     5F76       13      8A1       0
                idataCOMRAM                        5FA2     5FA2        2     2FC5       0

TOTAL           Name                               Link     Load   Length     Space
        CLASS   STACK          

        CLASS   CODE           
                intcode                            1008     1008        6         0
                init                               100E     100E        4         0
                reset_vec                          1000     1000        4         0
                text72                             4516     4516      110         0
                text71                             4840     4840      10A         0
                text70                             4C56     4C56       F2         0
                text69                             3EEA     3EEA      144         0
                text68                             56CE     56CE       74         0
                text67                             5406     5406       AC         0
                text66                             5B7A     5B7A       4C         0
                text65                             42B2     42B2      13E         0
                text64                             595E     595E       64         0
                text63                             4734     4734      10C         0
                text62                             5542     5542       88         0
                text61                             2A84     2A84      35C         0
                text60                             3996     3996      174         0
                text59                             4626     4626      10E         0
                text58                             3820     3820      176         0
                text57                             4D48     4D48       EA         0
                text56                             43F0     43F0      126         0
                text55                             5148     5148       B4         0
                text54                             4170     4170      142         0
                text53                             54B2     54B2       90         0
                text52                             5B2A     5B2A       50         0
                text51                             5090     5090       B8         0
                text50                             5E20     5E20       32         0
                text49                             5A22     5A22       60         0
                text48                             5EDE     5EDE       2C         0
                text47                             5C8E     5C8E       3E         0
                text46                             3DA0     3DA0      14A         0
                text45                             312C     312C      228         0
                text44                             5E82     5E82       30         0
                intcode_body                       4F16     4F16       C2         0
                text42                             5C4C     5C4C       42         0
                text41                             564C     564C       82         0
                text40                             4B58     4B58       FE         0
                text39                             55CA     55CA       82         0
                text38                             5DB2     5DB2       38         0
                text37                             5F98     5F98        A         0
                text36                             5F56     5F56       20         0
                text35                             5C0A     5C0A       42         0
                text34                             36A8     36A8      178         0
                text33                             3C56     3C56      14A         0
                text32                             5F8A     5F8A        E         0
                text31                             5D7A     5D7A       38         0
                text30                             402E     402E      142         0
                text29                             350C     350C      19C         0
                text28                             5EB2     5EB2       2C         0
                text27                             535A     535A       AC         0
                text26                             5BC6     5BC6       44         0
                text25                             494A     494A      108         0
                text24                             26E8     26E8      39C         0
                text23                             52AE     52AE       AC         0
                text22                             4A52     4A52      106         0
                text21                             22BC     22BC      42C         0
                text20                             5D40     5D40       3A         0
                text19                             57B4     57B4       6C         0
                text18                             5F0A     5F0A       28         0
                text17                             3354     3354      1B8         0
                text16                             5D06     5D06       3A         0
                text15                             5AD6     5AD6       54         0
                text14                             5742     5742       72         0
                text13                             5F32     5F32       24         0
                text12                             5CCC     5CCC       3A         0
                text11                             59C2     59C2       60         0
                text10                             1142     1142     117A         0
                text9                              5A82     5A82       54         0
                text8                              58F4     58F4       6A         0
                text7                              588A     588A       6A         0
                text6                              4E32     4E32       E4         0
                text5                              3B0A     3B0A      14C         0
                text4                              2DE0     2DE0      34C         0
                text3                              4FD8     4FD8       B8         0
                text2                              51FC     51FC       B2         0
                text1                              5E52     5E52       30         0
                text0                              5DEA     5DEA       36         0
                cinit                              5820     5820       6A         0
                idataBANK1                         5F76     5F76       13         0
                idataCOMRAM                        5FA2     5FA2        2         0

        CLASS   CONST          

        CLASS   SMALLCONST     

        CLASS   MEDIUMCONST    
                mediumconst                        1012     1012      130         0

        CLASS   COMRAM         
                temp                                 56       56        1         1
                cstackCOMRAM                          1        1       2A         1
                dataCOMRAM                           54       54        2         1
                bssCOMRAM                            2B       2B       29         1

        CLASS   ABS1           
                abs_s1                              400      400       38         1
                abs_s1                              450      450       20         1
                abs_s1                              500      500       80         1

        CLASS   BIGRAM         

        CLASS   RAM            

        CLASS   BANK0          
                cstackBANK0                          60       60       61         1
                bssBANK0                             C1       C1       38         1

        CLASS   BANK1          
                cstackBANK1                         165      165        A         1
                dataBANK1                           152      152       13         1
                bssBANK1                            100      100       52         1

        CLASS   BANK2          

        CLASS   BANK3          

        CLASS   BANK4          

        CLASS   BANK5          

        CLASS   BANK6          

        CLASS   BANK7          

        CLASS   SFR            

        CLASS   CONFIG         
                config                           300000   300000        E         4

        CLASS   IDLOC          
                idloc                            200000   200000        8         5

        CLASS   EEDATA         

        CLASS   FARRAM         



SEGMENTS        Name                           Load    Length   Top    Selector   Space  Class

                cstackCOMRAM                   000001  000056  000057         1       1  COMRAM  
                cstackBANK0                    000060  000099  0000F9        60       1  BANK0   
                bssBANK1                       000100  00006F  00016F       100       1  BANK1   
                reset_vec                      001000  000004  001004       800       0  CODE    
                intcode                        001008  00000A  001012       804       0  CODE    
                mediumconst                    001012  000130  001142       809       0  MEDIUMCO
                text10                         001142  004E47  005F89       8A1       0  CODE    
                text32                         005F8A  00001A  005FA4      2FC5       0  CODE    


UNUSED ADDRESS RANGES

        Name                Unused          Largest block    Delta
        BANK0            0000F9-0000FF                7
        BANK1            00016F-0001FF               91
        BANK2            000200-0002FF              100
        BANK3            000300-0003FF              100
        BANK4            000438-00044F               18
                         000470-0004FF               90
        BANK5            000580-0005FF               80
        BANK6            000600-0006FF              100
        BANK7            000700-0007FF              100
        BIGRAM           000057-00005F                9
                         0000F9-0000FF                7
                         00016F-0003FF              291
                         000438-00044F               18
                         000470-0004FF               90
                         000580-0007FF              280
        CODE             001004-001007                4
                         005F89-005F89                1
                         005FA4-007FFF             205C
        COMRAM           000057-00005F                9
        CONST            001004-001007                4
                         005F89-005F89                1
                         005FA4-007FFF             205C
        EEDATA           F00000-F000FF              100
        FARRAM           000000-000000                1
        MEDIUMCONST      001004-001007                4
                         005F89-005F89                1
                         005FA4-007FFF             205C
        RAM              0000F9-0000FF                7
                         00016F-0003FF              100
                         000438-00044F               18
                         000470-0004FF               90
                         000580-0007FF              100
        SFR              000F60-000FFF               A0
        SMALLCONST       001004-001007                4
                         005F89-005F89                1
                         005FA4-007FFF              100
        STACK            00016F-0003FF              291

                                  Symbol Table

?_CommandDetermine                        cstackBANK0  0000BD
?_USBTransferOnePacket                    cstackBANK0  000060
?___fldiv                                 cstackBANK0  000060
?___flmul                                 cstackBANK0  000060
?___flneg                                 cstackBANK0  000060
?___fltol                                 cstackBANK0  0000B3
?___lmul                                  cstackBANK0  000060
?___wmul                                  cstackBANK0  000060
?___xxtofl                                cstackBANK0  000060
?_isdigit                                 cstackBANK0  000060
?_islower                                 cstackBANK0  000060
?_isspace                                 cstackBANK0  000060
?_isxdigit                                cstackBANK0  000060
?_nanf                                    cstackBANK0  000060
?_strchr                                  cstackBANK0  000060
?_strcspn                                 cstackBANK0  000064
?_strspn                                  cstackBANK0  000064
?_strtof                                  cstackBANK0  000079
?_strtok                                  cstackBANK0  00006B
?_toupper                                 cstackBANK0  000066
?_truncf                                  cstackBANK0  00009F
?i2_USBTransferOnePacket                  cstackCOMRAM 000001
CDCTxService@byte_to_send                 cstackBANK0  00006C
CDCTxService@i                            cstackBANK0  00006B
CommandDetermine@command                  cstackBANK1  00016D
CommandDetermine@endPtr                   cstackBANK1  000169
CommandDetermine@interger                 cstackBANK1  000167
CommandDetermine@invalid_command          cstackBANK1  000166
CommandDetermine@letter                   cstackBANK1  000165
CommandDetermine@line                     cstackBANK0  0000BD
CommandDetermine@token                    cstackBANK1  00016B
DirectionSet@M                            cstackBANK0  000060
DirectionSet@dir                          cstackBANK0  000062
MEF_DataArrive@estMefDataArrive           bssBANK0     0000F6
MicroStepSet@M                            cstackBANK0  000060
MicroStepSet@MS                           cstackBANK0  000062
MotorStateSet@M                           cstackBANK0  000060
MotorStateSet@state                       cstackBANK0  000062
PrintMotorDirConfig@M                     cstackBANK0  000063
TIMER0_Set_TMR0L_Reg@value                cstackBANK0  000060
USBConfigureEndpoint@EPNum                cstackCOMRAM 000006
USBConfigureEndpoint@direction            cstackCOMRAM 000001
USBConfigureEndpoint@handle               cstackCOMRAM 000007
USBCtrlTrfInHandler@lastDTS               cstackCOMRAM 000002
USBCtrlTrfRxService@byteToRead            cstackCOMRAM 000002
USBCtrlTrfRxService@i                     cstackCOMRAM 000001
USBCtrlTrfTxService@byteToSend            cstackCOMRAM 000001
USBDeviceInit@i                           cstackBANK0  00006C
USBDeviceTasks@i                          cstackCOMRAM 00001F
USBEnableEndpoint@ep                      cstackCOMRAM 00000C
USBEnableEndpoint@options                 cstackCOMRAM 000009
USBEnableEndpoint@p                       cstackCOMRAM 00000A
USBStdFeatureReqHandler@current_ep_data   cstackCOMRAM 000019
USBStdFeatureReqHandler@p                 cstackCOMRAM 00001A
USBStdFeatureReqHandler@pUEP              cstackCOMRAM 000017
USBStdGetStatusHandler@p                  cstackCOMRAM 000003
USBStdSetCfgHandler@i                     cstackCOMRAM 000015
USBTransferOnePacket@data                 cstackBANK0  000061
USBTransferOnePacket@dir                  cstackBANK0  000060
USBTransferOnePacket@ep                   cstackBANK0  000068
USBTransferOnePacket@handle               cstackBANK0  000069
USBTransferOnePacket@len                  cstackBANK0  000063
USER_USB_CALLBACK_EVENT_HANDLER@event     cstackCOMRAM 00000D
USER_USB_CALLBACK_EVENT_HANDLER@pdata     cstackCOMRAM 00000F
USER_USB_CALLBACK_EVENT_HANDLER@size      cstackCOMRAM 000011
_BDT                                      (abs)        000400
_BaudRateGen                              bssCOMRAM    00002B
_BothEP0OutUOWNsSet                       bssCOMRAM    000042
_CCP1CONbits                              (abs)        000FBD
_CCPR1L                                   (abs)        000FBE
_CDCDataInHandle                          bssBANK0     0000ED
_CDCDataOutHandle                         bssBANK0     0000EF
_CDCInitEP                                text64       00595E
_CDCTxService                             text29       00350C
_CommandDetermine                         text4        002DE0
_CtrlTrfData                              (abs)        000450
_DirectionSet                             text41       00564C
_FR_current                               dataCOMRAM   000055
_FR_set                                   dataCOMRAM   000054
_GPIO_Init                                text42       005C4C
_Go_home                                  text27       00535A
_INTCONbits                               (abs)        000FF2
_IPR2bits                                 (abs)        000FA2
_LATAbits                                 (abs)        000F89
_LATCbits                                 (abs)        000F8B
_LATDbits                                 (abs)        000F8C
_LATEbits                                 (abs)        000F8D
_MEF_DataArrive                           text2        0051FC
_MicroStepSet                             text40       004B58
_MotorStateSet                            text39       0055CA
_Motors_Init                              text38       005DB2
_PIE2bits                                 (abs)        000FA0
_PIR2bits                                 (abs)        000FA1
_PORTBbits                                (abs)        000F81
_PORTDbits                                (abs)        000F83
_PR2                                      (abs)        000FCB
_PrintMotorDirConfig                      text26       005BC6
_RCONbits                                 (abs)        000FD0
_RemoteWakeup                             bssCOMRAM    000045
_SetupPkt                                 (abs)        000430
_T0CONbits                                (abs)        000FD5
_T2CON                                    (abs)        000FCA
_T2CONbits                                (abs)        000FCA
_TIMER0_Set_TMR0L_Reg                     text37       005F98
_TMR0L                                    (abs)        000FD6
_TMR2                                     (abs)        000FCC
_TRISAbits                                (abs)        000F92
_TRISBbits                                (abs)        000F93
_TRISCbits                                (abs)        000F94
_TRISDbits                                (abs)        000F95
_TRISEbits                                (abs)        000F96
_Timer0_Init                              text36       005F56
_UADDR                                    (abs)        000F6E
_UCFG                                     (abs)        000F6F
_UCON                                     (abs)        000F6D
_UCONbits                                 (abs)        000F6D
_UEIE                                     (abs)        000F6B
_UEIR                                     (abs)        000F6A
_UEP0                                     (abs)        000F70
_UEP0bits                                 (abs)        000F70
_UEP1                                     (abs)        000F71
_UIE                                      (abs)        000F69
_UIEbits                                  (abs)        000F69
_UIR                                      (abs)        000F68
_UIRbits                                  (abs)        000F68
_USB1msTickCount                          bssCOMRAM    00002F
_USBActiveConfiguration                   bssCOMRAM    000053
_USBAlternateInterface                    bssCOMRAM    000050
_USBBusIsSuspended                        bssCOMRAM    000044
_USBCheckCDCRequest                       text63       004734
_USBCheckStdRequest                       text56       0043F0
_USBConfigureEndpoint                     text67       005406
_USBCtrlEPAllowDataStage                  text55       005148
_USBCtrlEPAllowStatusStage                text70       004C56
_USBCtrlEPService                         text51       005090
_USBCtrlEPServiceComplete                 text54       004170
_USBCtrlTrfInHandler                      text71       004840
_USBCtrlTrfOutHandler                     text68       0056CE
_USBCtrlTrfRxService                      text69       003EEA
_USBCtrlTrfSetupHandler                   text53       0054B2
_USBCtrlTrfTxService                      text72       004516
_USBDeferINDataStagePackets               bssCOMRAM    00003D
_USBDeferOUTDataStagePackets              bssCOMRAM    00003C
_USBDeferStatusStagePacket                bssCOMRAM    000040
_USBDeviceAttach                          text35       005C0A
_USBDeviceInit                            text33       003C56
_USBDeviceState                           bssCOMRAM    000048
_USBDeviceTasks                           text45       00312C
_USBEnableEndpoint                        text66       005B7A
_USBIncrement1msInternalTimers            text50       005E20
_USBStallHandler                          text49       005A22
_USBStatusStageEnabledFlag1               bssCOMRAM    00003F
_USBStatusStageEnabledFlag2               bssCOMRAM    00003E
_USBStatusStageTimeoutCounter             bssCOMRAM    000041
_USBStdFeatureReqHandler                  text61       002A84
_USBStdGetDscHandler                      text60       003996
_USBStdGetStatusHandler                   text59       004626
_USBStdSetCfgHandler                      text57       004D48
_USBSuspend                               text48       005EDE
_USBTicksSinceSuspendEnd                  bssCOMRAM    00003B
_USBTransferOnePacket                     text30       00402E
_USBWakeFromSuspend                       text47       005C8E
_USB_CD_Ptr                               mediumconst  001019
_USB_SD_Ptr                               mediumconst  001013
_USER_USB_CALLBACK_EVENT_HANDLER          text62       005542
_USTAT                                    (abs)        000F6C
_USTATcopy                                bssCOMRAM    000052
__HRAM                                    (abs)        000000
__Habs1                                   abs1         000000
__Hbank0                                  bank0        000000
__Hbank1                                  bank1        000000
__Hbank2                                  bank2        000000
__Hbank3                                  bank3        000000
__Hbank4                                  bank4        000000
__Hbank5                                  bank5        000000
__Hbank6                                  bank6        000000
__Hbank7                                  bank7        000000
__Hbigbss                                 bigbss       000000
__Hbigdata                                bigdata      000000
__Hbigram                                 bigram       000000
__Hbss                                    bss          000000
__HbssBANK0                               bssBANK0     000000
__HbssBANK1                               bssBANK1     000000
__HbssCOMRAM                              bssCOMRAM    000000
__Hcinit                                  cinit        000000
__Hclrtext                                clrtext      000000
__Hcomram                                 comram       000000
__Hconfig                                 config       30000E
__Hconst                                  const        000000
__HcstackBANK0                            cstackBANK0  000000
__HcstackBANK1                            cstackBANK1  000000
__HcstackCOMRAM                           cstackCOMRAM 000000
__Hdata                                   data         000000
__HdataBANK1                              dataBANK1    000000
__HdataCOMRAM                             dataCOMRAM   000000
__Heeprom_data                            eeprom_data  000000
__Hfarbss                                 farbss       000000
__Hfardata                                fardata      000000
__Hibigdata                               ibigdata     000000
__Hidata                                  idata        000000
__HidataBANK1                             idataBANK1   000000
__HidataCOMRAM                            idataCOMRAM  000000
__Hidloc                                  idloc        200008
__Hifardata                               ifardata     000000
__Hinit                                   init         001012
__Hintcode                                intcode      00100E
__Hintcode_body                           intcode_body 000000
__Hintcodelo                              intcodelo    00100E
__Hintentry                               intentry     000000
__Hintret                                 intret       000000
__Hintsave_regs                           intsave_regs 000000
__Hirdata                                 irdata       000000
__Hmediumconst                            mediumconst  001142
__HnvFARRAM                               nvFARRAM     000000
__Hnvbit                                  nvbit        000000
__Hnvrram                                 nvrram       000000
__Hparam                                  rparam       000000
__Hpowerup                                powerup      00100E
__Hram                                    ram          000000
__Hramtop                                 ramtop       000800
__Hrbit                                   rbit         000000
__Hrbss                                   rbss         000000
__Hrdata                                  rdata        000000
__Hreset_vec                              reset_vec    001004
__Hrparam                                 rparam       000000
__Hsfr                                    sfr          000000
__Hsmallconst                             smallconst   000000
__Hspace_0                                (abs)        005FA4
__Hspace_1                                (abs)        00016F
__Hspace_2                                (abs)        000000
__Hspace_4                                (abs)        60000E
__Hstack                                  stack        000000
__Hstruct                                 struct       000000
__Htemp                                   temp         000057
__Htext                                   text         000000
__Htext0                                  text0        000000
__Htext1                                  text1        000000
__Htext10                                 text10       000000
__Htext11                                 text11       000000
__Htext12                                 text12       000000
__Htext13                                 text13       000000
__Htext14                                 text14       000000
__Htext15                                 text15       000000
__Htext16                                 text16       000000
__Htext17                                 text17       000000
__Htext18                                 text18       000000
__Htext19                                 text19       000000
__Htext2                                  text2        000000
__Htext20                                 text20       000000
__Htext21                                 text21       000000
__Htext22                                 text22       000000
__Htext23                                 text23       000000
__Htext24                                 text24       000000
__Htext25                                 text25       000000
__Htext26                                 text26       000000
__Htext27                                 text27       000000
__Htext28                                 text28       000000
__Htext29                                 text29       000000
__Htext3                                  text3        000000
__Htext30                                 text30       000000
__Htext31                                 text31       000000
__Htext32                                 text32       000000
__Htext33                                 text33       000000
__Htext34                                 text34       000000
__Htext35                                 text35       000000
__Htext36                                 text36       000000
__Htext37                                 text37       000000
__Htext38                                 text38       000000
__Htext39                                 text39       000000
__Htext4                                  text4        000000
__Htext40                                 text40       000000
__Htext41                                 text41       000000
__Htext42                                 text42       000000
__Htext44                                 text44       000000
__Htext45                                 text45       000000
__Htext46                                 text46       000000
__Htext47                                 text47       000000
__Htext48                                 text48       000000
__Htext49                                 text49       000000
__Htext5                                  text5        000000
__Htext50                                 text50       000000
__Htext51                                 text51       000000
__Htext52                                 text52       000000
__Htext53                                 text53       000000
__Htext54                                 text54       000000
__Htext55                                 text55       000000
__Htext56                                 text56       000000
__Htext57                                 text57       000000
__Htext58                                 text58       000000
__Htext59                                 text59       000000
__Htext6                                  text6        000000
__Htext60                                 text60       000000
__Htext61                                 text61       000000
__Htext62                                 text62       000000
__Htext63                                 text63       000000
__Htext64                                 text64       000000
__Htext65                                 text65       000000
__Htext66                                 text66       000000
__Htext67                                 text67       000000
__Htext68                                 text68       000000
__Htext69                                 text69       000000
__Htext7                                  text7        000000
__Htext70                                 text70       000000
__Htext71                                 text71       000000
__Htext72                                 text72       000000
__Htext8                                  text8        000000
__Htext9                                  text9        000000
__LRAM                                    (abs)        000001
__Labs1                                   abs1         000000
__Lbank0                                  bank0        000000
__Lbank1                                  bank1        000000
__Lbank2                                  bank2        000000
__Lbank3                                  bank3        000000
__Lbank4                                  bank4        000000
__Lbank5                                  bank5        000000
__Lbank6                                  bank6        000000
__Lbank7                                  bank7        000000
__Lbigbss                                 bigbss       000000
__Lbigdata                                bigdata      000000
__Lbigram                                 bigram       000000
__Lbss                                    bss          000000
__LbssBANK0                               bssBANK0     000000
__LbssBANK1                               bssBANK1     000000
__LbssCOMRAM                              bssCOMRAM    000000
__Lcinit                                  cinit        000000
__Lclrtext                                clrtext      000000
__Lcomram                                 comram       000000
__Lconfig                                 config       000000
__Lconst                                  const        000000
__LcstackBANK0                            cstackBANK0  000000
__LcstackBANK1                            cstackBANK1  000000
__LcstackCOMRAM                           cstackCOMRAM 000000
__Ldata                                   data         000000
__LdataBANK1                              dataBANK1    000000
__LdataCOMRAM                             dataCOMRAM   000000
__Leeprom_data                            eeprom_data  000000
__Lfarbss                                 farbss       000000
__Lfardata                                fardata      000000
__Libigdata                               ibigdata     000000
__Lidata                                  idata        000000
__LidataBANK1                             idataBANK1   000000
__LidataCOMRAM                            idataCOMRAM  000000
__Lidloc                                  idloc        000000
__Lifardata                               ifardata     000000
__Linit                                   init         00100E
__Lintcode                                intcode      001008
__Lintcode_body                           intcode_body 000000
__Lintcodelo                              intcodelo    00100E
__Lintentry                               intentry     000000
__Lintret                                 intret       000000
__Lintsave_regs                           intsave_regs 000000
__Lirdata                                 irdata       000000
__Lmediumconst                            mediumconst  001012
__LnvFARRAM                               nvFARRAM     000000
__Lnvbit                                  nvbit        000000
__Lnvrram                                 nvrram       000000
__Lparam                                  rparam       000000
__Lpowerup                                powerup      00100E
__Lram                                    ram          000000
__Lramtop                                 ramtop       000800
__Lrbit                                   rbit         000000
__Lrbss                                   rbss         000000
__Lrdata                                  rdata        000000
__Lreset_vec                              reset_vec    001000
__Lrparam                                 rparam       000000
__Lsfr                                    sfr          000000
__Lsmallconst                             smallconst   000000
__Lspace_0                                (abs)        000000
__Lspace_1                                (abs)        000000
__Lspace_2                                (abs)        000000
__Lspace_4                                (abs)        000000
__Lstack                                  stack        000000
__Lstruct                                 struct       000000
__Ltemp                                   temp         000056
__Ltext                                   text         000000
__Ltext0                                  text0        000000
__Ltext1                                  text1        000000
__Ltext10                                 text10       000000
__Ltext11                                 text11       000000
__Ltext12                                 text12       000000
__Ltext13                                 text13       000000
__Ltext14                                 text14       000000
__Ltext15                                 text15       000000
__Ltext16                                 text16       000000
__Ltext17                                 text17       000000
__Ltext18                                 text18       000000
__Ltext19                                 text19       000000
__Ltext2                                  text2        000000
__Ltext20                                 text20       000000
__Ltext21                                 text21       000000
__Ltext22                                 text22       000000
__Ltext23                                 text23       000000
__Ltext24                                 text24       000000
__Ltext25                                 text25       000000
__Ltext26                                 text26       000000
__Ltext27                                 text27       000000
__Ltext28                                 text28       000000
__Ltext29                                 text29       000000
__Ltext3                                  text3        000000
__Ltext30                                 text30       000000
__Ltext31                                 text31       000000
__Ltext32                                 text32       000000
__Ltext33                                 text33       000000
__Ltext34                                 text34       000000
__Ltext35                                 text35       000000
__Ltext36                                 text36       000000
__Ltext37                                 text37       000000
__Ltext38                                 text38       000000
__Ltext39                                 text39       000000
__Ltext4                                  text4        000000
__Ltext40                                 text40       000000
__Ltext41                                 text41       000000
__Ltext42                                 text42       000000
__Ltext44                                 text44       000000
__Ltext45                                 text45       000000
__Ltext46                                 text46       000000
__Ltext47                                 text47       000000
__Ltext48                                 text48       000000
__Ltext49                                 text49       000000
__Ltext5                                  text5        000000
__Ltext50                                 text50       000000
__Ltext51                                 text51       000000
__Ltext52                                 text52       000000
__Ltext53                                 text53       000000
__Ltext54                                 text54       000000
__Ltext55                                 text55       000000
__Ltext56                                 text56       000000
__Ltext57                                 text57       000000
__Ltext58                                 text58       000000
__Ltext59                                 text59       000000
__Ltext6                                  text6        000000
__Ltext60                                 text60       000000
__Ltext61                                 text61       000000
__Ltext62                                 text62       000000
__Ltext63                                 text63       000000
__Ltext64                                 text64       000000
__Ltext65                                 text65       000000
__Ltext66                                 text66       000000
__Ltext67                                 text67       000000
__Ltext68                                 text68       000000
__Ltext69                                 text69       000000
__Ltext7                                  text7        000000
__Ltext70                                 text70       000000
__Ltext71                                 text71       000000
__Ltext72                                 text72       000000
__Ltext8                                  text8        000000
__Ltext9                                  text9        000000
__S0                                      (abs)        005FA4
__S1                                      (abs)        00016F
__S2                                      (abs)        000000
__S4                                      (abs)        000000
__S5                                      (abs)        000000
___fldiv                                  text24       0026E8
___fldiv@a                                cstackBANK0  000064
___fldiv@aexp                             cstackBANK0  000078
___fldiv@b                                cstackBANK0  000060
___fldiv@bexp                             cstackBANK0  000077
___fldiv@grs                              cstackBANK0  000073
___fldiv@new_exp                          cstackBANK0  000071
___fldiv@rem                              cstackBANK0  00006C
___fldiv@sign                             cstackBANK0  000070
___fleq                                   text23       0052AE
___fleq@ff1                               cstackBANK0  000060
___fleq@ff2                               cstackBANK0  000064
___flge                                   text22       004A52
___flge@ff1                               cstackBANK0  000060
___flge@ff2                               cstackBANK0  000064
___flmul                                  text21       0022BC
___flmul@a                                cstackBANK0  000064
___flmul@aexp                             cstackBANK0  00006D
___flmul@b                                cstackBANK0  000060
___flmul@bexp                             cstackBANK0  000072
___flmul@grs                              cstackBANK0  00006E
___flmul@prod                             cstackBANK0  000073
___flmul@sign                             cstackBANK0  00006C
___flmul@temp                             cstackBANK0  000077
___flneg                                  text20       005D40
___flneg@f1                               cstackBANK0  000060
___fltol                                  text25       00494A
___fltol@exp1                             cstackBANK0  0000BC
___fltol@f1                               cstackBANK0  0000B3
___fltol@sign1                            cstackBANK0  0000BB
___inthi_sp                               stack        000000
___intlo_sp                               stack        000000
___lmul                                   text19       0057B4
___lmul@multiplicand                      cstackBANK0  000064
___lmul@multiplier                        cstackBANK0  000060
___lmul@product                           cstackBANK0  000068
___param_bank                             (abs)        000000
___rparam_used                            (abs)        000001
___sp                                     stack        000000
___wmul                                   text18       005F0A
___wmul@multiplicand                      cstackBANK0  000062
___wmul@multiplier                        cstackBANK0  000060
___wmul@product                           cstackBANK0  000064
___xxtofl                                 text17       003354
___xxtofl@arg                             cstackBANK0  00006A
___xxtofl@exp                             cstackBANK0  000069
___xxtofl@sign                            cstackBANK0  000068
___xxtofl@val                             cstackBANK0  000060
__accesstop                               (abs)        000060
__activetblptr                            (abs)        000002
__end_of_CDCInitEP                        text64       0059C2
__end_of_CDCTxService                     text29       0036A8
__end_of_CommandDetermine                 text4        00312C
__end_of_DirectionSet                     text41       0056CE
__end_of_GPIO_Init                        text42       005C8E
__end_of_Go_home                          text27       005406
__end_of_MEF_DataArrive                   text2        0052AE
__end_of_MicroStepSet                     text40       004C56
__end_of_MotorStateSet                    text39       00564C
__end_of_Motors_Init                      text38       005DEA
__end_of_PrintMotorDirConfig              text26       005C0A
__end_of_TIMER0_Set_TMR0L_Reg             text37       005FA2
__end_of_Timer0_Init                      text36       005F76
__end_of_USBCheckCDCRequest               text63       004840
__end_of_USBCheckStdRequest               text56       004516
__end_of_USBConfigureEndpoint             text67       0054B2
__end_of_USBCtrlEPAllowDataStage          text55       0051FC
__end_of_USBCtrlEPAllowStatusStage        text70       004D48
__end_of_USBCtrlEPService                 text51       005148
__end_of_USBCtrlEPServiceComplete         text54       0042B2
__end_of_USBCtrlTrfInHandler              text71       00494A
__end_of_USBCtrlTrfOutHandler             text68       005742
__end_of_USBCtrlTrfRxService              text69       00402E
__end_of_USBCtrlTrfSetupHandler           text53       005542
__end_of_USBCtrlTrfTxService              text72       004626
__end_of_USBDeviceAttach                  text35       005C4C
__end_of_USBDeviceInit                    text33       003DA0
__end_of_USBDeviceTasks                   text45       003354
__end_of_USBEnableEndpoint                text66       005BC6
__end_of_USBIncrement1msInternalTimers    text50       005E52
__end_of_USBStallHandler                  text49       005A82
__end_of_USBStdFeatureReqHandler          text61       002DE0
__end_of_USBStdGetDscHandler              text60       003B0A
__end_of_USBStdGetStatusHandler           text59       004734
__end_of_USBStdSetCfgHandler              text57       004E32
__end_of_USBSuspend                       text48       005F0A
__end_of_USBTransferOnePacket             text30       004170
__end_of_USBWakeFromSuspend               text47       005CCC
__end_of_USB_CD_Ptr                       mediumconst  00101B
__end_of_USB_SD_Ptr                       mediumconst  001019
__end_of_USER_USB_CALLBACK_EVENT_HANDLER  text62       0055CA
__end_of___fldiv                          text24       002A84
__end_of___fleq                           text23       00535A
__end_of___flge                           text22       004B58
__end_of___flmul                          text21       0026E8
__end_of___flneg                          text20       005D7A
__end_of___fltol                          text25       004A52
__end_of___lmul                           text19       005820
__end_of___wmul                           text18       005F32
__end_of___xxtofl                         text17       00350C
__end_of__initialization                  cinit        00587C
__end_of_configDescriptor1                mediumconst  00105E
__end_of_device_dsc                       mediumconst  0010B6
__end_of_getsUSBUSART                     text3        005090
__end_of_initUSBLib                       text32       005F98
__end_of_isUSBReady                       text31       005DB2
__end_of_isdigit                          text16       005D40
__end_of_islower                          text12       005D06
__end_of_isspace                          text15       005B2A
__end_of_isxdigit                         text14       0057B4
__end_of_main                             text0        005E20
__end_of_mainISR                          intcode_body 004FD8
__end_of_memcpy                           text52       005B7A
__end_of_memset                           text34       003820
__end_of_nanf                             text13       005F56
__end_of_processUSBTasks                  text44       005EB2
__end_of_protocol_main_loop               text1        005E82
__end_of_putUSBUSART                      text28       005EDE
__end_of_sd000                            mediumconst  0010BA
__end_of_sd001                            mediumconst  001084
__end_of_sd002                            mediumconst  0010A4
__end_of_strchr                           text9        005AD6
__end_of_strcspn                          text8        00595E
__end_of_strspn                           text7        0058F4
__end_of_strtof                           text10       0022BC
__end_of_strtok                           text6        004F16
__end_of_toupper                          text11       005A22
__end_of_truncf                           text5        003C56
__end_ofi2_USBDeviceInit                  text46       003EEA
__end_ofi2_USBTransferOnePacket           text65       0043F0
__end_ofi2_memset                         text58       003996
__initialization                          cinit        005820
__mediumconst                             mediumconst  001012
__pbssBANK0                               bssBANK0     0000C1
__pbssBANK1                               bssBANK1     000100
__pbssCOMRAM                              bssCOMRAM    00002B
__pcinit                                  cinit        005820
__pcstackBANK0                            cstackBANK0  000060
__pcstackBANK1                            cstackBANK1  000165
__pcstackCOMRAM                           cstackCOMRAM 000001
__pdataBANK1                              dataBANK1    000152
__pdataCOMRAM                             dataCOMRAM   000054
__pidataBANK1                             idataBANK1   005F76
__pidataCOMRAM                            idataCOMRAM  005FA2
__pintcode                                intcode      001008
__pintcode_body                           intcode_body 004F16
__pmediumconst                            mediumconst  001012
__ptext0                                  text0        005DEA
__ptext1                                  text1        005E52
__ptext10                                 text10       001142
__ptext11                                 text11       0059C2
__ptext12                                 text12       005CCC
__ptext13                                 text13       005F32
__ptext14                                 text14       005742
__ptext15                                 text15       005AD6
__ptext16                                 text16       005D06
__ptext17                                 text17       003354
__ptext18                                 text18       005F0A
__ptext19                                 text19       0057B4
__ptext2                                  text2        0051FC
__ptext20                                 text20       005D40
__ptext21                                 text21       0022BC
__ptext22                                 text22       004A52
__ptext23                                 text23       0052AE
__ptext24                                 text24       0026E8
__ptext25                                 text25       00494A
__ptext26                                 text26       005BC6
__ptext27                                 text27       00535A
__ptext28                                 text28       005EB2
__ptext29                                 text29       00350C
__ptext3                                  text3        004FD8
__ptext30                                 text30       00402E
__ptext31                                 text31       005D7A
__ptext32                                 text32       005F8A
__ptext33                                 text33       003C56
__ptext34                                 text34       0036A8
__ptext35                                 text35       005C0A
__ptext36                                 text36       005F56
__ptext37                                 text37       005F98
__ptext38                                 text38       005DB2
__ptext39                                 text39       0055CA
__ptext4                                  text4        002DE0
__ptext40                                 text40       004B58
__ptext41                                 text41       00564C
__ptext42                                 text42       005C4C
__ptext44                                 text44       005E82
__ptext45                                 text45       00312C
__ptext46                                 text46       003DA0
__ptext47                                 text47       005C8E
__ptext48                                 text48       005EDE
__ptext49                                 text49       005A22
__ptext5                                  text5        003B0A
__ptext50                                 text50       005E20
__ptext51                                 text51       005090
__ptext52                                 text52       005B2A
__ptext53                                 text53       0054B2
__ptext54                                 text54       004170
__ptext55                                 text55       005148
__ptext56                                 text56       0043F0
__ptext57                                 text57       004D48
__ptext58                                 text58       003820
__ptext59                                 text59       004626
__ptext6                                  text6        004E32
__ptext60                                 text60       003996
__ptext61                                 text61       002A84
__ptext62                                 text62       005542
__ptext63                                 text63       004734
__ptext64                                 text64       00595E
__ptext65                                 text65       0042B2
__ptext66                                 text66       005B7A
__ptext67                                 text67       005406
__ptext68                                 text68       0056CE
__ptext69                                 text69       003EEA
__ptext7                                  text7        00588A
__ptext70                                 text70       004C56
__ptext71                                 text71       004840
__ptext72                                 text72       004516
__ptext8                                  text8        0058F4
__ptext9                                  text9        005A82
__ramtop                                  ramtop       000800
__size_of_CDCInitEP                       (abs)        000000
__size_of_CDCTxService                    (abs)        000000
__size_of_CommandDetermine                (abs)        000000
__size_of_DirectionSet                    (abs)        000000
__size_of_GPIO_Init                       (abs)        000000
__size_of_Go_home                         (abs)        000000
__size_of_MEF_DataArrive                  (abs)        000000
__size_of_MicroStepSet                    (abs)        000000
__size_of_MotorStateSet                   (abs)        000000
__size_of_Motors_Init                     (abs)        000000
__size_of_PrintMotorDirConfig             (abs)        000000
__size_of_TIMER0_Set_TMR0L_Reg            (abs)        000000
__size_of_Timer0_Init                     (abs)        000000
__size_of_USBCheckCDCRequest              (abs)        000000
__size_of_USBCheckStdRequest              (abs)        000000
__size_of_USBConfigureEndpoint            (abs)        000000
__size_of_USBCtrlEPAllowDataStage         (abs)        000000
__size_of_USBCtrlEPAllowStatusStage       (abs)        000000
__size_of_USBCtrlEPService                (abs)        000000
__size_of_USBCtrlEPServiceComplete        (abs)        000000
__size_of_USBCtrlTrfInHandler             (abs)        000000
__size_of_USBCtrlTrfOutHandler            (abs)        000000
__size_of_USBCtrlTrfRxService             (abs)        000000
__size_of_USBCtrlTrfSetupHandler          (abs)        000000
__size_of_USBCtrlTrfTxService             (abs)        000000
__size_of_USBDeviceAttach                 (abs)        000000
__size_of_USBDeviceInit                   (abs)        000000
__size_of_USBDeviceTasks                  (abs)        000000
__size_of_USBEnableEndpoint               (abs)        000000
__size_of_USBIncrement1msInternalTimers   (abs)        000000
__size_of_USBStallHandler                 (abs)        000000
__size_of_USBStdFeatureReqHandler         (abs)        000000
__size_of_USBStdGetDscHandler             (abs)        000000
__size_of_USBStdGetStatusHandler          (abs)        000000
__size_of_USBStdSetCfgHandler             (abs)        000000
__size_of_USBSuspend                      (abs)        000000
__size_of_USBTransferOnePacket            (abs)        000000
__size_of_USBWakeFromSuspend              (abs)        000000
__size_of_USER_USB_CALLBACK_EVENT_HANDLER (abs)        000000
__size_of___fldiv                         (abs)        000000
__size_of___fleq                          (abs)        000000
__size_of___flge                          (abs)        000000
__size_of___flmul                         (abs)        000000
__size_of___flneg                         (abs)        000000
__size_of___fltol                         (abs)        000000
__size_of___lmul                          (abs)        000000
__size_of___wmul                          (abs)        000000
__size_of___xxtofl                        (abs)        000000
__size_of_getsUSBUSART                    (abs)        000000
__size_of_initUSBLib                      (abs)        000000
__size_of_isUSBReady                      (abs)        000000
__size_of_isdigit                         (abs)        000000
__size_of_islower                         (abs)        000000
__size_of_isspace                         (abs)        000000
__size_of_isxdigit                        (abs)        000000
__size_of_main                            (abs)        000000
__size_of_mainISR                         (abs)        000000
__size_of_memcpy                          (abs)        000000
__size_of_memset                          (abs)        000000
__size_of_nanf                            (abs)        000000
__size_of_processUSBTasks                 (abs)        000000
__size_of_protocol_main_loop              (abs)        000000
__size_of_putUSBUSART                     (abs)        000000
__size_of_strchr                          (abs)        000000
__size_of_strcspn                         (abs)        000000
__size_of_strspn                          (abs)        000000
__size_of_strtof                          (abs)        000000
__size_of_strtok                          (abs)        000000
__size_of_toupper                         (abs)        000000
__size_of_truncf                          (abs)        000000
__size_ofi2_USBDeviceInit                 (abs)        000000
__size_ofi2_USBTransferOnePacket          (abs)        000000
__size_ofi2_memset                        (abs)        000000
__smallconst                              smallconst   000000
_cdc_data_rx                              (abs)        000540
_cdc_data_tx                              (abs)        000500
_cdc_mem_type                             bssBANK0     0000F3
_cdc_notice                               bssBANK1     000120
_cdc_rx_len                               bssBANK0     0000F5
_cdc_trf_state                            bssCOMRAM    00003A
_cdc_tx_len                               bssBANK0     0000F4
_command                                  bssBANK0     0000F1
_configDescriptor1                        mediumconst  00101B
_controlTransferState                     bssCOMRAM    000046
_control_signal_bitmap                    bssCOMRAM    000039
_dataIn                                   bssBANK0     0000F7
_device_dsc                               mediumconst  0010A4
_dummy_encapsulated_cmd_response          bssBANK1     00014A
_endpoint_number                          bssCOMRAM    000043
_ep_data_in                               bssBANK0     0000E8
_ep_data_out                              bssBANK0     0000E5
_getsUSBUSART                             text3        004FD8
_inPipes                                  bssBANK0     0000C9
_initUSBLib                               text32       005F8A
_isUSBReady                               text31       005D7A
_isUSBReady$708                           cstackBANK0  000060
_isdigit                                  text16       005D06
_islower                                  text12       005CCC
_isspace                                  text15       005AD6
_isspace$3899                             cstackBANK0  000066
_isxdigit                                 text14       005742
_isxdigit$3910                            cstackBANK0  000066
_line_coding                              bssCOMRAM    000049
_main                                     text0        005DEA
_mainISR                                  intcode      001008
_memcpy                                   text52       005B2A
_memset                                   text34       0036A8
_motor_1                                  dataBANK1    000152
_nanf                                     text13       005F32
_numBytesRead                             bssBANK0     0000F8
_outPipes                                 bssBANK0     0000C1
_pBDTEntryEP0OutCurrent                   bssCOMRAM    000037
_pBDTEntryEP0OutNext                      bssCOMRAM    000035
_pBDTEntryIn                              bssBANK0     0000CF
_pBDTEntryOut                             bssBANK0     0000D5
_pCDCDst                                  bssBANK0     0000DF
_pCDCSrc                                  bssBANK0     0000E2
_pDst                                     bssCOMRAM    000033
_processUSBTasks                          text44       005E82
_protocol_main_loop                       text1        005E52
_putUSBUSART                              text28       005EB2
_sd000                                    mediumconst  0010B6
_sd001                                    mediumconst  00105E
_sd002                                    mediumconst  001084
_shortPacketStatus                        bssCOMRAM    000047
_strchr                                   text9        005A82
_strcspn                                  text8        0058F4
_strspn                                   text7        00588A
_strtof                                   text10       001142
_strtof$3854                              cstackBANK0  000083
_strtof$3855                              cstackBANK0  000093
_strtof$3865                              cstackBANK0  000085
_strtof$3866                              cstackBANK0  000087
_strtof$3867                              cstackBANK0  000089
_strtof$3868                              cstackBANK0  00008B
_strtof$3869                              cstackBANK0  00008D
_strtof$3870                              cstackBANK0  00008F
_strtof$3871                              cstackBANK0  000091
_strtok                                   text6        004E32
_toupper                                  text11       0059C2
_toupper$3969                             cstackBANK0  00006C
_truncf                                   text5        003B0A
_usbReadBuffer                            bssBANK1     00012A
btemp                                     temp         000056
end_of_initialization                     cinit        00587C
getsUSBUSART@buffer                       cstackBANK0  00006B
getsUSBUSART@len                          cstackBANK0  00006D
i2USBDeviceInit@i                         cstackCOMRAM 00000D
i2USBTransferOnePacket@data               cstackCOMRAM 000002
i2USBTransferOnePacket@dir                cstackCOMRAM 000001
i2USBTransferOnePacket@ep                 cstackCOMRAM 000009
i2USBTransferOnePacket@handle             cstackCOMRAM 00000A
i2USBTransferOnePacket@len                cstackCOMRAM 000004
i2_USBDeviceInit                          text46       003DA0
i2_USBTransferOnePacket                   text65       0042B2
i2_memset                                 text58       003820
i2memset@c                                cstackCOMRAM 000003
i2memset@dest                             cstackCOMRAM 000001
i2memset@k                                cstackCOMRAM 000009
i2memset@n                                cstackCOMRAM 000005
i2memset@s                                cstackCOMRAM 00000B
int$flags                                 temp         000056
int_func                                  intcode_body 004F16
intlevel0                                 text         000000
intlevel1                                 text         000000
intlevel2                                 text         000000
intlevel3                                 text         000000
isa$std                                   (abs)        000001
isa$xinst                                 (abs)        000000
isdigit@c                                 cstackBANK0  000060
islower@c                                 cstackBANK0  000060
isspace@c                                 cstackBANK0  000060
isxdigit@c                                cstackBANK0  000060
memcpy@d                                  cstackCOMRAM 000007
memcpy@d1                                 cstackCOMRAM 000001
memcpy@n                                  cstackCOMRAM 000005
memcpy@s                                  cstackCOMRAM 000009
memcpy@s1                                 cstackCOMRAM 000003
memcpy@tmp                                cstackCOMRAM 00000B
memset@c                                  cstackBANK0  000062
memset@dest                               cstackBANK0  000060
memset@k                                  cstackBANK0  000068
memset@n                                  cstackBANK0  000064
memset@s                                  cstackBANK0  00006A
nanf@s                                    cstackBANK0  000060
nanf@u                                    cstackBANK0  000064
putUSBUSART@data                          cstackBANK0  000060
putUSBUSART@length                        cstackBANK0  000062
stackhi                                   (abs)        0003FF
stacklo                                   (abs)        00016F
start                                     init         00100E
start_initialization                      cinit        005820
strchr@c                                  cstackBANK0  000062
strchr@s                                  cstackBANK0  000060
strcspn@c                                 cstackBANK0  000066
strcspn@i                                 cstackBANK0  000069
strcspn@s                                 cstackBANK0  000064
strspn@c                                  cstackBANK0  000066
strspn@i                                  cstackBANK0  000069
strspn@s                                  cstackBANK0  000064
strtof@_u                                 cstackBANK0  00009A
strtof@digit                              cstackBANK0  000094
strtof@eexp                               cstackBANK0  000098
strtof@expon                              cstackBANK0  000096
strtof@flags                              cstackBANK0  000095
strtof@i                                  cstackBANK0  00009E
strtof@res                                cstackBANK0  00007B
strtof@s                                  cstackBANK0  000079
strtok@p                                  bssBANK0     0000EB
strtok@s                                  cstackBANK0  00006B
strtok@sep                                cstackBANK0  00006D
toupper@c                                 cstackBANK0  000066
truncf@F527                               bssBANK0     0000DB
truncf@e                                  cstackBANK0  0000AD
truncf@m                                  cstackBANK0  0000A9
truncf@u                                  cstackBANK0  0000AF
truncf@x                                  cstackBANK0  00009F
ttemp5                                    temp         000057
ttemp6                                    temp         00005A
ttemp7                                    temp         00005E
wtemp8                                    temp         000057


MODULE INFORMATION

Module		Function		Class		Link	Load	Size
C:\Program Files\Microchip\xc8\v2.32\pic\sources\c99\common\memset.c
		_memset        		CODE           	36A8	0000	376

C:\Program Files\Microchip\xc8\v2.32\pic\sources\c99\common\memset.c estimated size: 376

C:\Program Files\Microchip\xc8\v2.32\pic\sources\c99\common\isxdigit.c
		_isxdigit      		CODE           	5742	0000	114

C:\Program Files\Microchip\xc8\v2.32\pic\sources\c99\common\isxdigit.c estimated size: 114

C:\Program Files\Microchip\xc8\v2.32\pic\sources\c99\common\isdigit.c
		_isdigit       		CODE           	5D06	0000	58

C:\Program Files\Microchip\xc8\v2.32\pic\sources\c99\common\isdigit.c estimated size: 58

C:\Program Files\Microchip\xc8\v2.32\pic\sources\c99\common\flneg.c
		___flneg       		CODE           	5D40	0000	58

C:\Program Files\Microchip\xc8\v2.32\pic\sources\c99\common\flneg.c estimated size: 58

C:\Program Files\Microchip\xc8\v2.32\pic\sources\c99\common\strspn.c
		_strspn        		CODE           	588A	0000	106

C:\Program Files\Microchip\xc8\v2.32\pic\sources\c99\common\strspn.c estimated size: 106

C:\Program Files\Microchip\xc8\v2.32\pic\sources\c99\common\nanf.c
		_nanf          		CODE           	5F32	0000	36

C:\Program Files\Microchip\xc8\v2.32\pic\sources\c99\common\nanf.c estimated size: 36

C:\Program Files\Microchip\xc8\v2.32\pic\sources\c99\common\strtof.c
		_strtof        		CODE           	1142	0000	4474

C:\Program Files\Microchip\xc8\v2.32\pic\sources\c99\common\strtof.c estimated size: 4474

C:\Program Files\Microchip\xc8\v2.32\pic\sources\c99\common\memcpy.c
		_memcpy        		CODE           	5B2A	0000	80

C:\Program Files\Microchip\xc8\v2.32\pic\sources\c99\common\memcpy.c estimated size: 80

usb_cdc_lib.c
		_isUSBReady    		CODE           	5D7A	0000	56
		_initUSBLib    		CODE           	5F8A	0000	14
		_processUSBTasks		CODE           	5E82	0000	48

usb_cdc_lib.c estimated size: 118

timer0.c
		_Timer0_Init   		CODE           	5F56	0000	32
		_TIMER0_Set_TMR0L_Reg		CODE           	5F98	0000	10

timer0.c estimated size: 42

pins_config.c
		_GPIO_Init     		CODE           	5C4C	0000	66

pins_config.c estimated size: 66

C:\Program Files\Microchip\xc8\v2.32\pic\sources\c99\common\fleq.c
		___fleq        		CODE           	52AE	0000	172

C:\Program Files\Microchip\xc8\v2.32\pic\sources\c99\common\fleq.c estimated size: 172

C:\Program Files\Microchip\xc8\v2.32\pic\sources\c99\common\Umul16.c
		___wmul        		CODE           	5F0A	0000	40

C:\Program Files\Microchip\xc8\v2.32\pic\sources\c99\common\Umul16.c estimated size: 40

C:\Program Files\Microchip\xc8\v2.32\pic\sources\c99\common\isspace.c
		_isspace       		CODE           	5AD6	0000	84

C:\Program Files\Microchip\xc8\v2.32\pic\sources\c99\common\isspace.c estimated size: 84

C:\Program Files\Microchip\xc8\v2.32\pic\sources\c99\common\strtok.c
		_strtok        		CODE           	4E32	0000	228

C:\Program Files\Microchip\xc8\v2.32\pic\sources\c99\common\strtok.c estimated size: 228

C:\Program Files\Microchip\xc8\v2.32\pic\sources\c99\common\islower.c
		_islower       		CODE           	5CCC	0000	58

C:\Program Files\Microchip\xc8\v2.32\pic\sources\c99\common\islower.c estimated size: 58

shared
		_configDescriptor1		MEDIUMCONST    	101B	0000	67
		_USB_CD_Ptr    		MEDIUMCONST    	1019	0000	2
		_sd001         		MEDIUMCONST    	105E	0000	38
		_sd002         		MEDIUMCONST    	1084	0000	32
		i2_USBDeviceInit		CODE           	3DA0	0000	330
		__initialization		CODE           	5820	0000	92
		_device_dsc    		MEDIUMCONST    	10A4	0000	18
		_USB_SD_Ptr    		MEDIUMCONST    	1013	0000	6
		i2_memset      		CODE           	3820	0000	374
		_sd000         		MEDIUMCONST    	10B6	0000	4
		i2_USBTransferOnePacket		CODE           	42B2	0000	318

shared estimated size: 1281

C:\Program Files\Microchip\xc8\v2.32\pic\sources\c99\common\sprcmul.c
		___flmul       		CODE           	22BC	0000	1068

C:\Program Files\Microchip\xc8\v2.32\pic\sources\c99\common\sprcmul.c estimated size: 1068

usb_device_cdc.c
		_CDCTxService  		CODE           	350C	0000	412
		_CDCInitEP     		CODE           	595E	0000	100
		_putUSBUSART   		CODE           	5EB2	0000	44
		_getsUSBUSART  		CODE           	4FD8	0000	184
		_USBCheckCDCRequest		CODE           	4734	0000	268

usb_device_cdc.c estimated size: 1008

usb_device_events.c
		_USER_USB_CALLBACK_EVENT_HANDLER		CODE           	5542	0000	136

usb_device_events.c estimated size: 136

C:\Program Files\Microchip\xc8\v2.32\pic\sources\c99\common\sprcdiv.c
		___fldiv       		CODE           	26E8	0000	924

C:\Program Files\Microchip\xc8\v2.32\pic\sources\c99\common\sprcdiv.c estimated size: 924

C:\Program Files\Microchip\xc8\v2.32\pic\sources\c99\common\toupper.c
		_toupper       		CODE           	59C2	0000	96

C:\Program Files\Microchip\xc8\v2.32\pic\sources\c99\common\toupper.c estimated size: 96

usb_device.c
		_USBCtrlTrfInHandler		CODE           	4840	0000	266
		_USBTransferOnePacket		CODE           	402E	0000	322
		_USBDeviceAttach		CODE           	5C0A	0000	66
		_USBStdGetDscHandler		CODE           	3996	0000	372
		_USBCtrlEPAllowDataStage		CODE           	5148	0000	180
		_USBStdFeatureReqHandler		CODE           	2A84	0000	860
		_USBCtrlEPAllowStatusStage		CODE           	4C56	0000	242
		_USBCtrlTrfSetupHandler		CODE           	54B2	0000	144
		_USBCtrlTrfOutHandler		CODE           	56CE	0000	116
		_USBCtrlEPServiceComplete		CODE           	4170	0000	322
		_USBSuspend    		CODE           	5EDE	0000	44
		_USBStdSetCfgHandler		CODE           	4D48	0000	234
		_USBStdGetStatusHandler		CODE           	4626	0000	270
		_USBWakeFromSuspend		CODE           	5C8E	0000	62
		_USBCtrlTrfRxService		CODE           	3EEA	0000	324
		_USBCtrlTrfTxService		CODE           	4516	0000	272
		_USBEnableEndpoint		CODE           	5B7A	0000	76
		_USBConfigureEndpoint		CODE           	5406	0000	172
		_USBDeviceInit 		CODE           	3C56	0000	330
		_USBIncrement1msInternalTimers		CODE           	5E20	0000	50
		_USBCtrlEPService		CODE           	5090	0000	184
		_USBStallHandler		CODE           	5A22	0000	96
		_USBDeviceTasks		CODE           	312C	0000	552
		_USBCheckStdRequest		CODE           	43F0	0000	294

usb_device.c estimated size: 5850

C:\Program Files\Microchip\xc8\v2.32\pic\sources\c99\common\Umul32.c
		___lmul        		CODE           	57B4	0000	108

C:\Program Files\Microchip\xc8\v2.32\pic\sources\c99\common\Umul32.c estimated size: 108

C:\Program Files\Microchip\xc8\v2.32\pic\sources\c99\common\fltol.c
		___fltol       		CODE           	494A	0000	264

C:\Program Files\Microchip\xc8\v2.32\pic\sources\c99\common\fltol.c estimated size: 264

C:\Program Files\Microchip\xc8\v2.32\pic\sources\c99\common\xxtofl.c
		___xxtofl      		CODE           	3354	0000	440

C:\Program Files\Microchip\xc8\v2.32\pic\sources\c99\common\xxtofl.c estimated size: 440

main.c
		_PrintMotorDirConfig		CODE           	5BC6	0000	68
		_main          		CODE           	5DEA	0000	54
		_Go_home       		CODE           	535A	0000	172
		_Motors_Init   		CODE           	5DB2	0000	56
		_CommandDetermine		CODE           	2DE0	0000	844
		_MEF_DataArrive		CODE           	51FC	0000	178
		_MicroStepSet  		CODE           	4B58	0000	254
		_protocol_main_loop		CODE           	5E52	0000	48
		_mainISR       		CODE           	1008	0000	200
		_DirectionSet  		CODE           	564C	0000	130
		_MotorStateSet 		CODE           	55CA	0000	130

main.c estimated size: 2134

C:\Program Files\Microchip\xc8\v2.32\pic\sources\c99\common\flge.c
		___flge        		CODE           	4A52	0000	262

C:\Program Files\Microchip\xc8\v2.32\pic\sources\c99\common\flge.c estimated size: 262

C:\Program Files\Microchip\xc8\v2.32\pic\sources\c99\common\strcspn.c
		_strcspn       		CODE           	58F4	0000	106

C:\Program Files\Microchip\xc8\v2.32\pic\sources\c99\common\strcspn.c estimated size: 106

C:\Program Files\Microchip\xc8\v2.32\pic\sources\c99\common\truncf.c
		_truncf        		CODE           	3B0A	0000	332

C:\Program Files\Microchip\xc8\v2.32\pic\sources\c99\common\truncf.c estimated size: 332

C:\Program Files\Microchip\xc8\v2.32\pic\sources\c99\common\strchr.c
		_strchr        		CODE           	5A82	0000	84

C:\Program Files\Microchip\xc8\v2.32\pic\sources\c99\common\strchr.c estimated size: 84

