Microchip MPLAB XC8 Compiler V2.32

Linker command line:

-W-3 --edf=C:\Program Files\Microchip\xc8\v2.32\pic\dat\en_msgs.txt -cn \
  -h+dist/default/production\usbcdcdemo.X.production.sym \
  --cmf=dist/default/production\usbcdcdemo.X.production.cmf -z -Q18F4550 \
  -oC:\Users\joaqu\AppData\Local\Temp\xcAseu4.4 --defsym=__MPLAB_BUILD=1 \
  -Mdist/default/production/usbcdcdemo.X.production.map -E1 \
  -ver=XC8 Compiler --acfsm=1493 -ASTACK=0177h-03FFh -pstack=STACK \
  -ACODE=01000h-07FFFh -ACONST=01000h-07FFFh -ASMALLCONST=01000h-010FFhx112 \
  -AMEDIUMCONST=01000h-07FFFh -ACOMRAM=01h-05Fh -AABS1=00h-07FFh \
  -ABIGRAM=01h-07FFh -ARAM=060h-0FFh,0100h-01FFhx7 -ABANK0=060h-0FFh \
  -ABANK1=0100h-01FFh -ABANK2=0200h-02FFh -ABANK3=0300h-03FFh \
  -ABANK4=0400h-04FFh -ABANK5=0500h-05FFh -ABANK6=0600h-06FFh \
  -ABANK7=0700h-07FFh -ASFR=0F60h-0FFFh -ACONFIG=0300000h-030000Dh \
  -AIDLOC=0200000h-0200007h -AEEDATA=0F00000h-0F000FFh -peeprom_data=EEDATA \
  -preset_vec=01000h,intcode=01008h,intcodelo,powerup,init -pramtop=0800h \
  -psmallconst=SMALLCONST -pmediumconst=MEDIUMCONST -pconst=CONST \
  -AFARRAM=00h-00h \
  -prdata=COMRAM,nvrram=COMRAM,nvbit=COMRAM,rbss=COMRAM,rbit=COMRAM \
  -pfarbss=FARRAM,fardata=FARRAM,nvFARRAM=FARRAM \
  -pintsave_regs=BIGRAM,bigbss=BIGRAM,bigdata=BIGRAM -pbss=RAM \
  -pidata=CODE,irdata=CODE,ibigdata=CODE,ifardata=CODE -prparam=COMRAM \
  C:\Users\joaqu\AppData\Local\Temp\xcAseu4.o \
  dist/default/production\usbcdcdemo.X.production.o 

Object code version is 3.11

Machine type is 18F4550



                Name                               Link     Load   Length Selector   Space Scale
C:\Users\joaqu\AppData\Local\Temp\xcAseu4.o
                idloc                            200000   200000        8        0       5
                config                           300000   300000        E        0       4
                init                               100E     100E        4      804       0
                reset_vec                          1000     1000        4      800       0
dist/default/production\usbcdcdemo.X.production.o
                intcode                            1008     1008        6      804       0
                idloc                            200000   200000        8        0       5
                config                           300000   300000        E        0       4
                temp                                 55       55        1        1       1
                mediumconst                        1012     1012      144      809       0
                text73                             46BE     46BE      110      8AB       0
                text72                             49E8     49E8      10A      8AB       0
                text71                             4DFE     4DFE       F2      8AB       0
                text70                             4092     4092      144      8AB       0
                text69                             58C8     58C8       74      8AB       0
                text68                             5600     5600       AC      8AB       0
                text67                             5D74     5D74       4C      8AB       0
                text66                             445A     445A      13E      8AB       0
                text65                             5B58     5B58       64      8AB       0
                text64                             48DC     48DC      10C      8AB       0
                text63                             573C     573C       88      8AB       0
                text62                             2E16     2E16      35C      8AB       0
                text61                             39DC     39DC      174      8AB       0
                text60                             47CE     47CE      10E      8AB       0
                text59                             3866     3866      176      8AB       0
                text58                             4EF0     4EF0       EA      8AB       0
                text57                             4598     4598      126      8AB       0
                text56                             54A0     54A0       B4      8AB       0
                text55                             4318     4318      142      8AB       0
                text54                             56AC     56AC       90      8AB       0
                text53                             5D24     5D24       50      8AB       0
                text52                             53E8     53E8       B8      8AB       0
                text51                             601A     601A       32      8AB       0
                text50                             5C1C     5C1C       60      8AB       0
                text49                             60A8     60A8       2C      8AB       0
                text48                             5E88     5E88       3E      8AB       0
                text47                             3F48     3F48      14A      8AB       0
                text46                             3172     3172      228      8AB       0
                text45                             604C     604C       30      8AB       0
                intcode_body                       526E     526E       C2      8AB       0
                text43                             5E46     5E46       42      8AB       0
                text42                             5846     5846       82      8AB       0
                text41                             4D00     4D00       FE      8AB       0
                text40                             57C4     57C4       82      8AB       0
                text39                             5FAC     5FAC       38      8AB       0
                text38                             616C     616C        A     30AA       0
                text37                             6120     6120       20      8AB       0
                text36                             5E04     5E04       42      8AB       0
                text35                             36EE     36EE      178      8AB       0
                text34                             3DFE     3DFE      14A      8AB       0
                text33                             6154     6154        E     30AA       0
                text32                             5F74     5F74       38      8AB       0
                text31                             41D6     41D6      142      8AB       0
                text30                             3552     3552      19C      8AB       0
                text29                             607C     607C       2C      8AB       0
                text28                             5DC0     5DC0       44      8AB       0
                text27                             4AF2     4AF2      108      8AB       0
                text26                             26FC     26FC      39C      8AB       0
                text25                             5554     5554       AC      8AB       0
                text24                             4BFA     4BFA      106      8AB       0
                text23                             22D0     22D0      42C      8AB       0
                text22                             5F3A     5F3A       3A      8AB       0
                text21                             59AE     59AE       6C      8AB       0
                text20                             60D4     60D4       28      8AB       0
                text19                             339A     339A      1B8      8AB       0
                text18                             5F00     5F00       3A      8AB       0
                text17                             5CD0     5CD0       54      8AB       0
                text16                             593C     593C       72      8AB       0
                text15                             60FC     60FC       24      8AB       0
                text14                             5EC6     5EC6       3A      8AB       0
                text13                             5BBC     5BBC       60      8AB       0
                text12                             1156     1156     117A      8AB       0
                text11                             5C7C     5C7C       54      8AB       0
                text10                             5AEE     5AEE       6A      8AB       0
                text9                              5A84     5A84       6A      8AB       0
                text8                              4FDA     4FDA       E4      8AB       0
                text7                              3CB2     3CB2      14C      8AB       0
                text6                              2A98     2A98      37E      8AB       0
                text5                              5330     5330       B8      8AB       0
                text4                              519A     519A       D4      8AB       0
                text3                              3B50     3B50      162      8AB       0
                text2                              50BE     50BE       DC      8AB       0
                text1                              6162     6162        A     30AA       0
                text0                              5FE4     5FE4       36      8AB       0
                cstackCOMRAM                          1        1       2A        1       1
                cstackBANK0                          60       60       63       60       1
                cstackBANK1                         169      169        E      100       1
                dataBANK1                           156      156       13      100       1
                bssBANK1                            100      100       56      100       1
                bssBANK0                             C3       C3       36       60       1
                dataCOMRAM                           53       53        2        1       1
                bssCOMRAM                            2B       2B       28        1       1
                cinit                              5A1A     5A1A       6A      8AB       0
                idataBANK1                         6140     6140       13      8AB       0
                idataCOMRAM                        6176     6176        2     30AA       0

TOTAL           Name                               Link     Load   Length     Space
        CLASS   STACK          

        CLASS   CODE           
                intcode                            1008     1008        6         0
                init                               100E     100E        4         0
                reset_vec                          1000     1000        4         0
                text73                             46BE     46BE      110         0
                text72                             49E8     49E8      10A         0
                text71                             4DFE     4DFE       F2         0
                text70                             4092     4092      144         0
                text69                             58C8     58C8       74         0
                text68                             5600     5600       AC         0
                text67                             5D74     5D74       4C         0
                text66                             445A     445A      13E         0
                text65                             5B58     5B58       64         0
                text64                             48DC     48DC      10C         0
                text63                             573C     573C       88         0
                text62                             2E16     2E16      35C         0
                text61                             39DC     39DC      174         0
                text60                             47CE     47CE      10E         0
                text59                             3866     3866      176         0
                text58                             4EF0     4EF0       EA         0
                text57                             4598     4598      126         0
                text56                             54A0     54A0       B4         0
                text55                             4318     4318      142         0
                text54                             56AC     56AC       90         0
                text53                             5D24     5D24       50         0
                text52                             53E8     53E8       B8         0
                text51                             601A     601A       32         0
                text50                             5C1C     5C1C       60         0
                text49                             60A8     60A8       2C         0
                text48                             5E88     5E88       3E         0
                text47                             3F48     3F48      14A         0
                text46                             3172     3172      228         0
                text45                             604C     604C       30         0
                intcode_body                       526E     526E       C2         0
                text43                             5E46     5E46       42         0
                text42                             5846     5846       82         0
                text41                             4D00     4D00       FE         0
                text40                             57C4     57C4       82         0
                text39                             5FAC     5FAC       38         0
                text38                             616C     616C        A         0
                text37                             6120     6120       20         0
                text36                             5E04     5E04       42         0
                text35                             36EE     36EE      178         0
                text34                             3DFE     3DFE      14A         0
                text33                             6154     6154        E         0
                text32                             5F74     5F74       38         0
                text31                             41D6     41D6      142         0
                text30                             3552     3552      19C         0
                text29                             607C     607C       2C         0
                text28                             5DC0     5DC0       44         0
                text27                             4AF2     4AF2      108         0
                text26                             26FC     26FC      39C         0
                text25                             5554     5554       AC         0
                text24                             4BFA     4BFA      106         0
                text23                             22D0     22D0      42C         0
                text22                             5F3A     5F3A       3A         0
                text21                             59AE     59AE       6C         0
                text20                             60D4     60D4       28         0
                text19                             339A     339A      1B8         0
                text18                             5F00     5F00       3A         0
                text17                             5CD0     5CD0       54         0
                text16                             593C     593C       72         0
                text15                             60FC     60FC       24         0
                text14                             5EC6     5EC6       3A         0
                text13                             5BBC     5BBC       60         0
                text12                             1156     1156     117A         0
                text11                             5C7C     5C7C       54         0
                text10                             5AEE     5AEE       6A         0
                text9                              5A84     5A84       6A         0
                text8                              4FDA     4FDA       E4         0
                text7                              3CB2     3CB2      14C         0
                text6                              2A98     2A98      37E         0
                text5                              5330     5330       B8         0
                text4                              519A     519A       D4         0
                text3                              3B50     3B50      162         0
                text2                              50BE     50BE       DC         0
                text1                              6162     6162        A         0
                text0                              5FE4     5FE4       36         0
                cinit                              5A1A     5A1A       6A         0
                idataBANK1                         6140     6140       13         0
                idataCOMRAM                        6176     6176        2         0

        CLASS   CONST          

        CLASS   SMALLCONST     

        CLASS   MEDIUMCONST    
                mediumconst                        1012     1012      144         0

        CLASS   COMRAM         
                temp                                 55       55        1         1
                cstackCOMRAM                          1        1       2A         1
                dataCOMRAM                           53       53        2         1
                bssCOMRAM                            2B       2B       28         1

        CLASS   ABS1           
                abs_s1                              400      400       38         1
                abs_s1                              450      450       20         1
                abs_s1                              500      500       80         1

        CLASS   BIGRAM         

        CLASS   RAM            

        CLASS   BANK0          
                cstackBANK0                          60       60       63         1
                bssBANK0                             C3       C3       36         1

        CLASS   BANK1          
                cstackBANK1                         169      169        E         1
                dataBANK1                           156      156       13         1
                bssBANK1                            100      100       56         1

        CLASS   BANK2          

        CLASS   BANK3          

        CLASS   BANK4          

        CLASS   BANK5          

        CLASS   BANK6          

        CLASS   BANK7          

        CLASS   SFR            

        CLASS   CONFIG         
                config                           300000   300000        E         4

        CLASS   IDLOC          
                idloc                            200000   200000        8         5

        CLASS   EEDATA         

        CLASS   FARRAM         



SEGMENTS        Name                           Load    Length   Top    Selector   Space  Class

                cstackCOMRAM                   000001  000055  000056         1       1  COMRAM  
                cstackBANK0                    000060  000099  0000F9        60       1  BANK0   
                bssBANK1                       000100  000077  000177       100       1  BANK1   
                reset_vec                      001000  000004  001004       800       0  CODE    
                intcode                        001008  00000A  001012       804       0  CODE    
                mediumconst                    001012  000144  001156       809       0  MEDIUMCO
                text12                         001156  004FFD  006153       8AB       0  CODE    
                text33                         006154  000024  006178      30AA       0  CODE    


UNUSED ADDRESS RANGES

        Name                Unused          Largest block    Delta
        BANK0            0000F9-0000FF                7
        BANK1            000177-0001FF               89
        BANK2            000200-0002FF              100
        BANK3            000300-0003FF              100
        BANK4            000438-00044F               18
                         000470-0004FF               90
        BANK5            000580-0005FF               80
        BANK6            000600-0006FF              100
        BANK7            000700-0007FF              100
        BIGRAM           000056-00005F                A
                         0000F9-0000FF                7
                         000177-0003FF              289
                         000438-00044F               18
                         000470-0004FF               90
                         000580-0007FF              280
        CODE             001004-001007                4
                         006153-006153                1
                         006178-007FFF             1E88
        COMRAM           000056-00005F                A
        CONST            001004-001007                4
                         006153-006153                1
                         006178-007FFF             1E88
        EEDATA           F00000-F000FF              100
        FARRAM           000000-000000                1
        MEDIUMCONST      001004-001007                4
                         006153-006153                1
                         006178-007FFF             1E88
        RAM              0000F9-0000FF                7
                         000177-0003FF              100
                         000438-00044F               18
                         000470-0004FF               90
                         000580-0007FF              100
        SFR              000F60-000FFF               A0
        SMALLCONST       001004-001007                4
                         006153-006153                1
                         006178-007FFF              100
        STACK            000177-0003FF              289

                                  Symbol Table

?_CommandDetermine                        cstackBANK0  0000BD
?_USBTransferOnePacket                    cstackBANK0  000060
?___fldiv                                 cstackBANK0  000060
?___flmul                                 cstackBANK0  000060
?___flneg                                 cstackBANK0  000060
?___fltol                                 cstackBANK0  0000B3
?___lmul                                  cstackBANK0  000060
?___wmul                                  cstackBANK0  000060
?___xxtofl                                cstackBANK0  000060
?_isdigit                                 cstackBANK0  000060
?_islower                                 cstackBANK0  000060
?_isspace                                 cstackBANK0  000060
?_isxdigit                                cstackBANK0  000060
?_nanf                                    cstackBANK0  000060
?_strchr                                  cstackBANK0  000060
?_strcspn                                 cstackBANK0  000064
?_strspn                                  cstackBANK0  000064
?_strtof                                  cstackBANK0  000079
?_strtok                                  cstackBANK0  00006B
?_toupper                                 cstackBANK0  000066
?_truncf                                  cstackBANK0  00009F
?i2_USBTransferOnePacket                  cstackCOMRAM 000001
CDCTxService@byte_to_send                 cstackBANK0  00006C
CDCTxService@i                            cstackBANK0  00006B
CommandDetermine@command                  cstackBANK1  000173
CommandDetermine@endPtr                   cstackBANK1  000171
CommandDetermine@interger                 cstackBANK1  00016F
CommandDetermine@invalid_command          cstackBANK1  00016E
CommandDetermine@letter                   cstackBANK1  00016D
CommandDetermine@line                     cstackBANK0  0000BD
CommandDetermine@token                    cstackBANK1  000175
CommandDetermine@x_pos                    cstackBANK1  000169
DirectionSet@M                            cstackBANK0  000060
DirectionSet@dir                          cstackBANK0  000062
MEF_DataArrive@estMefDataArrive           bssBANK0     0000F6
MEF_GoHome@estMefGoHome                   bssCOMRAM    000046
MEF_Principal@estMefPrincipal             bssCOMRAM    000045
MicroStepSet@M                            cstackBANK0  000060
MicroStepSet@MS                           cstackBANK0  000062
MotorStateSet@M                           cstackBANK0  000060
MotorStateSet@state                       cstackBANK0  000062
PrintMotorDirConfig@M                     cstackBANK0  000063
TIMER0_Set_TMR0L_Reg@value                cstackBANK0  000060
USBConfigureEndpoint@EPNum                cstackCOMRAM 000006
USBConfigureEndpoint@direction            cstackCOMRAM 000001
USBConfigureEndpoint@handle               cstackCOMRAM 000007
USBCtrlTrfInHandler@lastDTS               cstackCOMRAM 000002
USBCtrlTrfRxService@byteToRead            cstackCOMRAM 000002
USBCtrlTrfRxService@i                     cstackCOMRAM 000001
USBCtrlTrfTxService@byteToSend            cstackCOMRAM 000001
USBDeviceInit@i                           cstackBANK0  00006C
USBDeviceTasks@i                          cstackCOMRAM 00001F
USBEnableEndpoint@ep                      cstackCOMRAM 00000C
USBEnableEndpoint@options                 cstackCOMRAM 000009
USBEnableEndpoint@p                       cstackCOMRAM 00000A
USBStdFeatureReqHandler@current_ep_data   cstackCOMRAM 000019
USBStdFeatureReqHandler@p                 cstackCOMRAM 00001A
USBStdFeatureReqHandler@pUEP              cstackCOMRAM 000017
USBStdGetStatusHandler@p                  cstackCOMRAM 000003
USBStdSetCfgHandler@i                     cstackCOMRAM 000015
USBTransferOnePacket@data                 cstackBANK0  000061
USBTransferOnePacket@dir                  cstackBANK0  000060
USBTransferOnePacket@ep                   cstackBANK0  000068
USBTransferOnePacket@handle               cstackBANK0  000069
USBTransferOnePacket@len                  cstackBANK0  000063
USER_USB_CALLBACK_EVENT_HANDLER@event     cstackCOMRAM 00000D
USER_USB_CALLBACK_EVENT_HANDLER@pdata     cstackCOMRAM 00000F
USER_USB_CALLBACK_EVENT_HANDLER@size      cstackCOMRAM 000011
_BDT                                      (abs)        000400
_BaudRateGen                              bssBANK1     00012A
_BothEP0OutUOWNsSet                       bssCOMRAM    00003E
_CCP1CONbits                              (abs)        000FBD
_CCPR1L                                   (abs)        000FBE
_CDCDataInHandle                          bssBANK0     0000EF
_CDCDataOutHandle                         bssBANK0     0000F1
_CDCInitEP                                text65       005B58
_CDCTxService                             text30       003552
_CommandDetermine                         text6        002A98
_CtrlTrfData                              (abs)        000450
_DirectionSet                             text42       005846
_FR_current                               dataCOMRAM   000054
_FR_set                                   dataCOMRAM   000053
_GPIO_Init                                text43       005E46
_INTCONbits                               (abs)        000FF2
_IPR2bits                                 (abs)        000FA2
_LATAbits                                 (abs)        000F89
_LATCbits                                 (abs)        000F8B
_LATDbits                                 (abs)        000F8C
_LATEbits                                 (abs)        000F8D
_MEF_DataArrive                           text4        00519A
_MEF_GoHome                               text3        003B50
_MEF_Principal                            text2        0050BE
_MicroStepSet                             text41       004D00
_MotorStateSet                            text40       0057C4
_Motors_Init                              text39       005FAC
_PIE2bits                                 (abs)        000FA0
_PIR2bits                                 (abs)        000FA1
_PORTBbits                                (abs)        000F81
_PORTDbits                                (abs)        000F83
_PR2                                      (abs)        000FCB
_PrintMotorDirConfig                      text28       005DC0
_RCONbits                                 (abs)        000FD0
_RemoteWakeup                             bssCOMRAM    000041
_SetupPkt                                 (abs)        000430
_T0CONbits                                (abs)        000FD5
_T2CON                                    (abs)        000FCA
_T2CONbits                                (abs)        000FCA
_TIMER0_Set_TMR0L_Reg                     text38       00616C
_TMR0L                                    (abs)        000FD6
_TMR2                                     (abs)        000FCC
_TRISAbits                                (abs)        000F92
_TRISBbits                                (abs)        000F93
_TRISCbits                                (abs)        000F94
_TRISDbits                                (abs)        000F95
_TRISEbits                                (abs)        000F96
_Timer0_Init                              text37       006120
_UADDR                                    (abs)        000F6E
_UCFG                                     (abs)        000F6F
_UCON                                     (abs)        000F6D
_UCONbits                                 (abs)        000F6D
_UEIE                                     (abs)        000F6B
_UEIR                                     (abs)        000F6A
_UEP0                                     (abs)        000F70
_UEP0bits                                 (abs)        000F70
_UEP1                                     (abs)        000F71
_UIE                                      (abs)        000F69
_UIEbits                                  (abs)        000F69
_UIR                                      (abs)        000F68
_UIRbits                                  (abs)        000F68
_USB1msTickCount                          bssCOMRAM    00002B
_USBActiveConfiguration                   bssCOMRAM    000052
_USBAlternateInterface                    bssCOMRAM    00004F
_USBBusIsSuspended                        bssCOMRAM    000040
_USBCheckCDCRequest                       text64       0048DC
_USBCheckStdRequest                       text57       004598
_USBConfigureEndpoint                     text68       005600
_USBCtrlEPAllowDataStage                  text56       0054A0
_USBCtrlEPAllowStatusStage                text71       004DFE
_USBCtrlEPService                         text52       0053E8
_USBCtrlEPServiceComplete                 text55       004318
_USBCtrlTrfInHandler                      text72       0049E8
_USBCtrlTrfOutHandler                     text69       0058C8
_USBCtrlTrfRxService                      text70       004092
_USBCtrlTrfSetupHandler                   text54       0056AC
_USBCtrlTrfTxService                      text73       0046BE
_USBDeferINDataStagePackets               bssCOMRAM    000039
_USBDeferOUTDataStagePackets              bssCOMRAM    000038
_USBDeferStatusStagePacket                bssCOMRAM    00003C
_USBDeviceAttach                          text36       005E04
_USBDeviceInit                            text34       003DFE
_USBDeviceState                           bssCOMRAM    000044
_USBDeviceTasks                           text46       003172
_USBEnableEndpoint                        text67       005D74
_USBIncrement1msInternalTimers            text51       00601A
_USBStallHandler                          text50       005C1C
_USBStatusStageEnabledFlag1               bssCOMRAM    00003B
_USBStatusStageEnabledFlag2               bssCOMRAM    00003A
_USBStatusStageTimeoutCounter             bssCOMRAM    00003D
_USBStdFeatureReqHandler                  text62       002E16
_USBStdGetDscHandler                      text61       0039DC
_USBStdGetStatusHandler                   text60       0047CE
_USBStdSetCfgHandler                      text58       004EF0
_USBSuspend                               text49       0060A8
_USBTicksSinceSuspendEnd                  bssCOMRAM    000037
_USBTransferOnePacket                     text31       0041D6
_USBWakeFromSuspend                       text48       005E88
_USB_CD_Ptr                               mediumconst  001019
_USB_SD_Ptr                               mediumconst  001013
_USER_USB_CALLBACK_EVENT_HANDLER          text63       00573C
_USTAT                                    (abs)        000F6C
_USTATcopy                                bssCOMRAM    000051
__HRAM                                    (abs)        000000
__Habs1                                   abs1         000000
__Hbank0                                  bank0        000000
__Hbank1                                  bank1        000000
__Hbank2                                  bank2        000000
__Hbank3                                  bank3        000000
__Hbank4                                  bank4        000000
__Hbank5                                  bank5        000000
__Hbank6                                  bank6        000000
__Hbank7                                  bank7        000000
__Hbigbss                                 bigbss       000000
__Hbigdata                                bigdata      000000
__Hbigram                                 bigram       000000
__Hbss                                    bss          000000
__HbssBANK0                               bssBANK0     000000
__HbssBANK1                               bssBANK1     000000
__HbssCOMRAM                              bssCOMRAM    000000
__Hcinit                                  cinit        000000
__Hclrtext                                clrtext      000000
__Hcomram                                 comram       000000
__Hconfig                                 config       30000E
__Hconst                                  const        000000
__HcstackBANK0                            cstackBANK0  000000
__HcstackBANK1                            cstackBANK1  000000
__HcstackCOMRAM                           cstackCOMRAM 000000
__Hdata                                   data         000000
__HdataBANK1                              dataBANK1    000000
__HdataCOMRAM                             dataCOMRAM   000000
__Heeprom_data                            eeprom_data  000000
__Hfarbss                                 farbss       000000
__Hfardata                                fardata      000000
__Hibigdata                               ibigdata     000000
__Hidata                                  idata        000000
__HidataBANK1                             idataBANK1   000000
__HidataCOMRAM                            idataCOMRAM  000000
__Hidloc                                  idloc        200008
__Hifardata                               ifardata     000000
__Hinit                                   init         001012
__Hintcode                                intcode      00100E
__Hintcode_body                           intcode_body 000000
__Hintcodelo                              intcodelo    00100E
__Hintentry                               intentry     000000
__Hintret                                 intret       000000
__Hintsave_regs                           intsave_regs 000000
__Hirdata                                 irdata       000000
__Hmediumconst                            mediumconst  001156
__HnvFARRAM                               nvFARRAM     000000
__Hnvbit                                  nvbit        000000
__Hnvrram                                 nvrram       000000
__Hparam                                  rparam       000000
__Hpowerup                                powerup      00100E
__Hram                                    ram          000000
__Hramtop                                 ramtop       000800
__Hrbit                                   rbit         000000
__Hrbss                                   rbss         000000
__Hrdata                                  rdata        000000
__Hreset_vec                              reset_vec    001004
__Hrparam                                 rparam       000000
__Hsfr                                    sfr          000000
__Hsmallconst                             smallconst   000000
__Hspace_0                                (abs)        006178
__Hspace_1                                (abs)        000177
__Hspace_2                                (abs)        000000
__Hspace_4                                (abs)        60000E
__Hstack                                  stack        000000
__Hstruct                                 struct       000000
__Htemp                                   temp         000056
__Htext                                   text         000000
__Htext0                                  text0        000000
__Htext1                                  text1        000000
__Htext10                                 text10       000000
__Htext11                                 text11       000000
__Htext12                                 text12       000000
__Htext13                                 text13       000000
__Htext14                                 text14       000000
__Htext15                                 text15       000000
__Htext16                                 text16       000000
__Htext17                                 text17       000000
__Htext18                                 text18       000000
__Htext19                                 text19       000000
__Htext2                                  text2        000000
__Htext20                                 text20       000000
__Htext21                                 text21       000000
__Htext22                                 text22       000000
__Htext23                                 text23       000000
__Htext24                                 text24       000000
__Htext25                                 text25       000000
__Htext26                                 text26       000000
__Htext27                                 text27       000000
__Htext28                                 text28       000000
__Htext29                                 text29       000000
__Htext3                                  text3        000000
__Htext30                                 text30       000000
__Htext31                                 text31       000000
__Htext32                                 text32       000000
__Htext33                                 text33       000000
__Htext34                                 text34       000000
__Htext35                                 text35       000000
__Htext36                                 text36       000000
__Htext37                                 text37       000000
__Htext38                                 text38       000000
__Htext39                                 text39       000000
__Htext4                                  text4        000000
__Htext40                                 text40       000000
__Htext41                                 text41       000000
__Htext42                                 text42       000000
__Htext43                                 text43       000000
__Htext45                                 text45       000000
__Htext46                                 text46       000000
__Htext47                                 text47       000000
__Htext48                                 text48       000000
__Htext49                                 text49       000000
__Htext5                                  text5        000000
__Htext50                                 text50       000000
__Htext51                                 text51       000000
__Htext52                                 text52       000000
__Htext53                                 text53       000000
__Htext54                                 text54       000000
__Htext55                                 text55       000000
__Htext56                                 text56       000000
__Htext57                                 text57       000000
__Htext58                                 text58       000000
__Htext59                                 text59       000000
__Htext6                                  text6        000000
__Htext60                                 text60       000000
__Htext61                                 text61       000000
__Htext62                                 text62       000000
__Htext63                                 text63       000000
__Htext64                                 text64       000000
__Htext65                                 text65       000000
__Htext66                                 text66       000000
__Htext67                                 text67       000000
__Htext68                                 text68       000000
__Htext69                                 text69       000000
__Htext7                                  text7        000000
__Htext70                                 text70       000000
__Htext71                                 text71       000000
__Htext72                                 text72       000000
__Htext73                                 text73       000000
__Htext8                                  text8        000000
__Htext9                                  text9        000000
__LRAM                                    (abs)        000001
__Labs1                                   abs1         000000
__Lbank0                                  bank0        000000
__Lbank1                                  bank1        000000
__Lbank2                                  bank2        000000
__Lbank3                                  bank3        000000
__Lbank4                                  bank4        000000
__Lbank5                                  bank5        000000
__Lbank6                                  bank6        000000
__Lbank7                                  bank7        000000
__Lbigbss                                 bigbss       000000
__Lbigdata                                bigdata      000000
__Lbigram                                 bigram       000000
__Lbss                                    bss          000000
__LbssBANK0                               bssBANK0     000000
__LbssBANK1                               bssBANK1     000000
__LbssCOMRAM                              bssCOMRAM    000000
__Lcinit                                  cinit        000000
__Lclrtext                                clrtext      000000
__Lcomram                                 comram       000000
__Lconfig                                 config       000000
__Lconst                                  const        000000
__LcstackBANK0                            cstackBANK0  000000
__LcstackBANK1                            cstackBANK1  000000
__LcstackCOMRAM                           cstackCOMRAM 000000
__Ldata                                   data         000000
__LdataBANK1                              dataBANK1    000000
__LdataCOMRAM                             dataCOMRAM   000000
__Leeprom_data                            eeprom_data  000000
__Lfarbss                                 farbss       000000
__Lfardata                                fardata      000000
__Libigdata                               ibigdata     000000
__Lidata                                  idata        000000
__LidataBANK1                             idataBANK1   000000
__LidataCOMRAM                            idataCOMRAM  000000
__Lidloc                                  idloc        000000
__Lifardata                               ifardata     000000
__Linit                                   init         00100E
__Lintcode                                intcode      001008
__Lintcode_body                           intcode_body 000000
__Lintcodelo                              intcodelo    00100E
__Lintentry                               intentry     000000
__Lintret                                 intret       000000
__Lintsave_regs                           intsave_regs 000000
__Lirdata                                 irdata       000000
__Lmediumconst                            mediumconst  001012
__LnvFARRAM                               nvFARRAM     000000
__Lnvbit                                  nvbit        000000
__Lnvrram                                 nvrram       000000
__Lparam                                  rparam       000000
__Lpowerup                                powerup      00100E
__Lram                                    ram          000000
__Lramtop                                 ramtop       000800
__Lrbit                                   rbit         000000
__Lrbss                                   rbss         000000
__Lrdata                                  rdata        000000
__Lreset_vec                              reset_vec    001000
__Lrparam                                 rparam       000000
__Lsfr                                    sfr          000000
__Lsmallconst                             smallconst   000000
__Lspace_0                                (abs)        000000
__Lspace_1                                (abs)        000000
__Lspace_2                                (abs)        000000
__Lspace_4                                (abs)        000000
__Lstack                                  stack        000000
__Lstruct                                 struct       000000
__Ltemp                                   temp         000055
__Ltext                                   text         000000
__Ltext0                                  text0        000000
__Ltext1                                  text1        000000
__Ltext10                                 text10       000000
__Ltext11                                 text11       000000
__Ltext12                                 text12       000000
__Ltext13                                 text13       000000
__Ltext14                                 text14       000000
__Ltext15                                 text15       000000
__Ltext16                                 text16       000000
__Ltext17                                 text17       000000
__Ltext18                                 text18       000000
__Ltext19                                 text19       000000
__Ltext2                                  text2        000000
__Ltext20                                 text20       000000
__Ltext21                                 text21       000000
__Ltext22                                 text22       000000
__Ltext23                                 text23       000000
__Ltext24                                 text24       000000
__Ltext25                                 text25       000000
__Ltext26                                 text26       000000
__Ltext27                                 text27       000000
__Ltext28                                 text28       000000
__Ltext29                                 text29       000000
__Ltext3                                  text3        000000
__Ltext30                                 text30       000000
__Ltext31                                 text31       000000
__Ltext32                                 text32       000000
__Ltext33                                 text33       000000
__Ltext34                                 text34       000000
__Ltext35                                 text35       000000
__Ltext36                                 text36       000000
__Ltext37                                 text37       000000
__Ltext38                                 text38       000000
__Ltext39                                 text39       000000
__Ltext4                                  text4        000000
__Ltext40                                 text40       000000
__Ltext41                                 text41       000000
__Ltext42                                 text42       000000
__Ltext43                                 text43       000000
__Ltext45                                 text45       000000
__Ltext46                                 text46       000000
__Ltext47                                 text47       000000
__Ltext48                                 text48       000000
__Ltext49                                 text49       000000
__Ltext5                                  text5        000000
__Ltext50                                 text50       000000
__Ltext51                                 text51       000000
__Ltext52                                 text52       000000
__Ltext53                                 text53       000000
__Ltext54                                 text54       000000
__Ltext55                                 text55       000000
__Ltext56                                 text56       000000
__Ltext57                                 text57       000000
__Ltext58                                 text58       000000
__Ltext59                                 text59       000000
__Ltext6                                  text6        000000
__Ltext60                                 text60       000000
__Ltext61                                 text61       000000
__Ltext62                                 text62       000000
__Ltext63                                 text63       000000
__Ltext64                                 text64       000000
__Ltext65                                 text65       000000
__Ltext66                                 text66       000000
__Ltext67                                 text67       000000
__Ltext68                                 text68       000000
__Ltext69                                 text69       000000
__Ltext7                                  text7        000000
__Ltext70                                 text70       000000
__Ltext71                                 text71       000000
__Ltext72                                 text72       000000
__Ltext73                                 text73       000000
__Ltext8                                  text8        000000
__Ltext9                                  text9        000000
__S0                                      (abs)        006178
__S1                                      (abs)        000177
__S2                                      (abs)        000000
__S4                                      (abs)        000000
__S5                                      (abs)        000000
___fldiv                                  text26       0026FC
___fldiv@a                                cstackBANK0  000064
___fldiv@aexp                             cstackBANK0  000078
___fldiv@b                                cstackBANK0  000060
___fldiv@bexp                             cstackBANK0  000077
___fldiv@grs                              cstackBANK0  000073
___fldiv@new_exp                          cstackBANK0  000071
___fldiv@rem                              cstackBANK0  00006C
___fldiv@sign                             cstackBANK0  000070
___fleq                                   text25       005554
___fleq@ff1                               cstackBANK0  000060
___fleq@ff2                               cstackBANK0  000064
___flge                                   text24       004BFA
___flge@ff1                               cstackBANK0  000060
___flge@ff2                               cstackBANK0  000064
___flmul                                  text23       0022D0
___flmul@a                                cstackBANK0  000064
___flmul@aexp                             cstackBANK0  00006D
___flmul@b                                cstackBANK0  000060
___flmul@bexp                             cstackBANK0  000072
___flmul@grs                              cstackBANK0  00006E
___flmul@prod                             cstackBANK0  000073
___flmul@sign                             cstackBANK0  00006C
___flmul@temp                             cstackBANK0  000077
___flneg                                  text22       005F3A
___flneg@f1                               cstackBANK0  000060
___fltol                                  text27       004AF2
___fltol@exp1                             cstackBANK0  0000BC
___fltol@f1                               cstackBANK0  0000B3
___fltol@sign1                            cstackBANK0  0000BB
___inthi_sp                               stack        000000
___intlo_sp                               stack        000000
___lmul                                   text21       0059AE
___lmul@multiplicand                      cstackBANK0  000064
___lmul@multiplier                        cstackBANK0  000060
___lmul@product                           cstackBANK0  000068
___param_bank                             (abs)        000000
___rparam_used                            (abs)        000001
___sp                                     stack        000000
___wmul                                   text20       0060D4
___wmul@multiplicand                      cstackBANK0  000062
___wmul@multiplier                        cstackBANK0  000060
___wmul@product                           cstackBANK0  000064
___xxtofl                                 text19       00339A
___xxtofl@arg                             cstackBANK0  00006A
___xxtofl@exp                             cstackBANK0  000069
___xxtofl@sign                            cstackBANK0  000068
___xxtofl@val                             cstackBANK0  000060
__accesstop                               (abs)        000060
__activetblptr                            (abs)        000002
__end_of_CDCInitEP                        text65       005BBC
__end_of_CDCTxService                     text30       0036EE
__end_of_CommandDetermine                 text6        002E16
__end_of_DirectionSet                     text42       0058C8
__end_of_GPIO_Init                        text43       005E88
__end_of_MEF_DataArrive                   text4        00526E
__end_of_MEF_GoHome                       text3        003CB2
__end_of_MEF_Principal                    text2        00519A
__end_of_MicroStepSet                     text41       004DFE
__end_of_MotorStateSet                    text40       005846
__end_of_Motors_Init                      text39       005FE4
__end_of_PrintMotorDirConfig              text28       005E04
__end_of_TIMER0_Set_TMR0L_Reg             text38       006176
__end_of_Timer0_Init                      text37       006140
__end_of_USBCheckCDCRequest               text64       0049E8
__end_of_USBCheckStdRequest               text57       0046BE
__end_of_USBConfigureEndpoint             text68       0056AC
__end_of_USBCtrlEPAllowDataStage          text56       005554
__end_of_USBCtrlEPAllowStatusStage        text71       004EF0
__end_of_USBCtrlEPService                 text52       0054A0
__end_of_USBCtrlEPServiceComplete         text55       00445A
__end_of_USBCtrlTrfInHandler              text72       004AF2
__end_of_USBCtrlTrfOutHandler             text69       00593C
__end_of_USBCtrlTrfRxService              text70       0041D6
__end_of_USBCtrlTrfSetupHandler           text54       00573C
__end_of_USBCtrlTrfTxService              text73       0047CE
__end_of_USBDeviceAttach                  text36       005E46
__end_of_USBDeviceInit                    text34       003F48
__end_of_USBDeviceTasks                   text46       00339A
__end_of_USBEnableEndpoint                text67       005DC0
__end_of_USBIncrement1msInternalTimers    text51       00604C
__end_of_USBStallHandler                  text50       005C7C
__end_of_USBStdFeatureReqHandler          text62       003172
__end_of_USBStdGetDscHandler              text61       003B50
__end_of_USBStdGetStatusHandler           text60       0048DC
__end_of_USBStdSetCfgHandler              text58       004FDA
__end_of_USBSuspend                       text49       0060D4
__end_of_USBTransferOnePacket             text31       004318
__end_of_USBWakeFromSuspend               text48       005EC6
__end_of_USB_CD_Ptr                       mediumconst  00101B
__end_of_USB_SD_Ptr                       mediumconst  001019
__end_of_USER_USB_CALLBACK_EVENT_HANDLER  text63       0057C4
__end_of___fldiv                          text26       002A98
__end_of___fleq                           text25       005600
__end_of___flge                           text24       004D00
__end_of___flmul                          text23       0026FC
__end_of___flneg                          text22       005F74
__end_of___fltol                          text27       004BFA
__end_of___lmul                           text21       005A1A
__end_of___wmul                           text20       0060FC
__end_of___xxtofl                         text19       003552
__end_of__initialization                  cinit        005A76
__end_of_configDescriptor1                mediumconst  00105E
__end_of_device_dsc                       mediumconst  0010B6
__end_of_getsUSBUSART                     text5        0053E8
__end_of_initUSBLib                       text33       006162
__end_of_isUSBReady                       text32       005FAC
__end_of_isdigit                          text18       005F3A
__end_of_islower                          text14       005F00
__end_of_isspace                          text17       005D24
__end_of_isxdigit                         text16       0059AE
__end_of_main                             text0        00601A
__end_of_mainISR                          intcode_body 005330
__end_of_memcpy                           text53       005D74
__end_of_memset                           text35       003866
__end_of_nanf                             text15       006120
__end_of_processUSBTasks                  text45       00607C
__end_of_protocol_main_loop               text1        00616C
__end_of_putUSBUSART                      text29       0060A8
__end_of_sd000                            mediumconst  0010BA
__end_of_sd001                            mediumconst  001084
__end_of_sd002                            mediumconst  0010A4
__end_of_strchr                           text11       005CD0
__end_of_strcspn                          text10       005B58
__end_of_strspn                           text9        005AEE
__end_of_strtof                           text12       0022D0
__end_of_strtok                           text8        0050BE
__end_of_toupper                          text13       005C1C
__end_of_truncf                           text7        003DFE
__end_ofi2_USBDeviceInit                  text47       004092
__end_ofi2_USBTransferOnePacket           text66       004598
__end_ofi2_memset                         text59       0039DC
__initialization                          cinit        005A1A
__mediumconst                             mediumconst  001012
__pbssBANK0                               bssBANK0     0000C3
__pbssBANK1                               bssBANK1     000100
__pbssCOMRAM                              bssCOMRAM    00002B
__pcinit                                  cinit        005A1A
__pcstackBANK0                            cstackBANK0  000060
__pcstackBANK1                            cstackBANK1  000169
__pcstackCOMRAM                           cstackCOMRAM 000001
__pdataBANK1                              dataBANK1    000156
__pdataCOMRAM                             dataCOMRAM   000053
__pidataBANK1                             idataBANK1   006140
__pidataCOMRAM                            idataCOMRAM  006176
__pintcode                                intcode      001008
__pintcode_body                           intcode_body 00526E
__pmediumconst                            mediumconst  001012
__ptext0                                  text0        005FE4
__ptext1                                  text1        006162
__ptext10                                 text10       005AEE
__ptext11                                 text11       005C7C
__ptext12                                 text12       001156
__ptext13                                 text13       005BBC
__ptext14                                 text14       005EC6
__ptext15                                 text15       0060FC
__ptext16                                 text16       00593C
__ptext17                                 text17       005CD0
__ptext18                                 text18       005F00
__ptext19                                 text19       00339A
__ptext2                                  text2        0050BE
__ptext20                                 text20       0060D4
__ptext21                                 text21       0059AE
__ptext22                                 text22       005F3A
__ptext23                                 text23       0022D0
__ptext24                                 text24       004BFA
__ptext25                                 text25       005554
__ptext26                                 text26       0026FC
__ptext27                                 text27       004AF2
__ptext28                                 text28       005DC0
__ptext29                                 text29       00607C
__ptext3                                  text3        003B50
__ptext30                                 text30       003552
__ptext31                                 text31       0041D6
__ptext32                                 text32       005F74
__ptext33                                 text33       006154
__ptext34                                 text34       003DFE
__ptext35                                 text35       0036EE
__ptext36                                 text36       005E04
__ptext37                                 text37       006120
__ptext38                                 text38       00616C
__ptext39                                 text39       005FAC
__ptext4                                  text4        00519A
__ptext40                                 text40       0057C4
__ptext41                                 text41       004D00
__ptext42                                 text42       005846
__ptext43                                 text43       005E46
__ptext45                                 text45       00604C
__ptext46                                 text46       003172
__ptext47                                 text47       003F48
__ptext48                                 text48       005E88
__ptext49                                 text49       0060A8
__ptext5                                  text5        005330
__ptext50                                 text50       005C1C
__ptext51                                 text51       00601A
__ptext52                                 text52       0053E8
__ptext53                                 text53       005D24
__ptext54                                 text54       0056AC
__ptext55                                 text55       004318
__ptext56                                 text56       0054A0
__ptext57                                 text57       004598
__ptext58                                 text58       004EF0
__ptext59                                 text59       003866
__ptext6                                  text6        002A98
__ptext60                                 text60       0047CE
__ptext61                                 text61       0039DC
__ptext62                                 text62       002E16
__ptext63                                 text63       00573C
__ptext64                                 text64       0048DC
__ptext65                                 text65       005B58
__ptext66                                 text66       00445A
__ptext67                                 text67       005D74
__ptext68                                 text68       005600
__ptext69                                 text69       0058C8
__ptext7                                  text7        003CB2
__ptext70                                 text70       004092
__ptext71                                 text71       004DFE
__ptext72                                 text72       0049E8
__ptext73                                 text73       0046BE
__ptext8                                  text8        004FDA
__ptext9                                  text9        005A84
__ramtop                                  ramtop       000800
__size_of_CDCInitEP                       (abs)        000000
__size_of_CDCTxService                    (abs)        000000
__size_of_CommandDetermine                (abs)        000000
__size_of_DirectionSet                    (abs)        000000
__size_of_GPIO_Init                       (abs)        000000
__size_of_MEF_DataArrive                  (abs)        000000
__size_of_MEF_GoHome                      (abs)        000000
__size_of_MEF_Principal                   (abs)        000000
__size_of_MicroStepSet                    (abs)        000000
__size_of_MotorStateSet                   (abs)        000000
__size_of_Motors_Init                     (abs)        000000
__size_of_PrintMotorDirConfig             (abs)        000000
__size_of_TIMER0_Set_TMR0L_Reg            (abs)        000000
__size_of_Timer0_Init                     (abs)        000000
__size_of_USBCheckCDCRequest              (abs)        000000
__size_of_USBCheckStdRequest              (abs)        000000
__size_of_USBConfigureEndpoint            (abs)        000000
__size_of_USBCtrlEPAllowDataStage         (abs)        000000
__size_of_USBCtrlEPAllowStatusStage       (abs)        000000
__size_of_USBCtrlEPService                (abs)        000000
__size_of_USBCtrlEPServiceComplete        (abs)        000000
__size_of_USBCtrlTrfInHandler             (abs)        000000
__size_of_USBCtrlTrfOutHandler            (abs)        000000
__size_of_USBCtrlTrfRxService             (abs)        000000
__size_of_USBCtrlTrfSetupHandler          (abs)        000000
__size_of_USBCtrlTrfTxService             (abs)        000000
__size_of_USBDeviceAttach                 (abs)        000000
__size_of_USBDeviceInit                   (abs)        000000
__size_of_USBDeviceTasks                  (abs)        000000
__size_of_USBEnableEndpoint               (abs)        000000
__size_of_USBIncrement1msInternalTimers   (abs)        000000
__size_of_USBStallHandler                 (abs)        000000
__size_of_USBStdFeatureReqHandler         (abs)        000000
__size_of_USBStdGetDscHandler             (abs)        000000
__size_of_USBStdGetStatusHandler          (abs)        000000
__size_of_USBStdSetCfgHandler             (abs)        000000
__size_of_USBSuspend                      (abs)        000000
__size_of_USBTransferOnePacket            (abs)        000000
__size_of_USBWakeFromSuspend              (abs)        000000
__size_of_USER_USB_CALLBACK_EVENT_HANDLER (abs)        000000
__size_of___fldiv                         (abs)        000000
__size_of___fleq                          (abs)        000000
__size_of___flge                          (abs)        000000
__size_of___flmul                         (abs)        000000
__size_of___flneg                         (abs)        000000
__size_of___fltol                         (abs)        000000
__size_of___lmul                          (abs)        000000
__size_of___wmul                          (abs)        000000
__size_of___xxtofl                        (abs)        000000
__size_of_getsUSBUSART                    (abs)        000000
__size_of_initUSBLib                      (abs)        000000
__size_of_isUSBReady                      (abs)        000000
__size_of_isdigit                         (abs)        000000
__size_of_islower                         (abs)        000000
__size_of_isspace                         (abs)        000000
__size_of_isxdigit                        (abs)        000000
__size_of_main                            (abs)        000000
__size_of_mainISR                         (abs)        000000
__size_of_memcpy                          (abs)        000000
__size_of_memset                          (abs)        000000
__size_of_nanf                            (abs)        000000
__size_of_processUSBTasks                 (abs)        000000
__size_of_protocol_main_loop              (abs)        000000
__size_of_putUSBUSART                     (abs)        000000
__size_of_strchr                          (abs)        000000
__size_of_strcspn                         (abs)        000000
__size_of_strspn                          (abs)        000000
__size_of_strtof                          (abs)        000000
__size_of_strtok                          (abs)        000000
__size_of_toupper                         (abs)        000000
__size_of_truncf                          (abs)        000000
__size_ofi2_USBDeviceInit                 (abs)        000000
__size_ofi2_USBTransferOnePacket          (abs)        000000
__size_ofi2_memset                        (abs)        000000
__smallconst                              smallconst   000000
_cdc_data_rx                              (abs)        000540
_cdc_data_tx                              (abs)        000500
_cdc_mem_type                             bssBANK0     0000F3
_cdc_notice                               bssBANK1     000120
_cdc_rx_len                               bssBANK0     0000F5
_cdc_trf_state                            bssCOMRAM    000036
_cdc_tx_len                               bssBANK0     0000F4
_configDescriptor1                        mediumconst  00101B
_controlTransferState                     bssCOMRAM    000042
_control_signal_bitmap                    bssCOMRAM    000035
_dataIn                                   bssBANK0     0000F7
_device_dsc                               mediumconst  0010A4
_dummy_encapsulated_cmd_response          bssBANK1     00014E
_endpoint_number                          bssCOMRAM    00003F
_ep_data_in                               bssBANK0     0000EA
_ep_data_out                              bssBANK0     0000E7
_getsUSBUSART                             text5        005330
_inPipes                                  bssBANK0     0000CB
_initUSBLib                               text33       006154
_isUSBReady                               text32       005F74
_isUSBReady$723                           cstackBANK0  000060
_isdigit                                  text18       005F00
_islower                                  text14       005EC6
_isspace                                  text17       005CD0
_isspace$3914                             cstackBANK0  000066
_isxdigit                                 text16       00593C
_isxdigit$3925                            cstackBANK0  000066
_line_coding                              bssCOMRAM    000048
_main                                     text0        005FE4
_mainISR                                  intcode      001008
_memcpy                                   text53       005D24
_memset                                   text35       0036EE
_motor_1                                  dataBANK1    000156
_nanf                                     text15       0060FC
_numBytesRead                             bssBANK0     0000F8
_outPipes                                 bssBANK0     0000C3
_pBDTEntryEP0OutCurrent                   bssCOMRAM    000033
_pBDTEntryEP0OutNext                      bssCOMRAM    000031
_pBDTEntryIn                              bssBANK0     0000D1
_pBDTEntryOut                             bssBANK0     0000D7
_pCDCDst                                  bssBANK0     0000E1
_pCDCSrc                                  bssBANK0     0000E4
_pDst                                     bssCOMRAM    00002F
_processUSBTasks                          text45       00604C
_protocol_main_loop                       text1        006162
_putUSBUSART                              text29       00607C
_ready                                    bssCOMRAM    000047
_sd000                                    mediumconst  0010B6
_sd001                                    mediumconst  00105E
_sd002                                    mediumconst  001084
_shortPacketStatus                        bssCOMRAM    000043
_strchr                                   text11       005C7C
_strcspn                                  text10       005AEE
_strspn                                   text9        005A84
_strtof                                   text12       001156
_strtof$3869                              cstackBANK0  000083
_strtof$3870                              cstackBANK0  000093
_strtof$3880                              cstackBANK0  000085
_strtof$3881                              cstackBANK0  000087
_strtof$3882                              cstackBANK0  000089
_strtof$3883                              cstackBANK0  00008B
_strtof$3884                              cstackBANK0  00008D
_strtof$3885                              cstackBANK0  00008F
_strtof$3886                              cstackBANK0  000091
_strtok                                   text8        004FDA
_toupper                                  text13       005BBC
_toupper$3984                             cstackBANK0  00006C
_truncf                                   text7        003CB2
_usbReadBuffer                            bssBANK1     00012E
btemp                                     temp         000055
end_of_initialization                     cinit        005A76
getsUSBUSART@buffer                       cstackBANK0  00006B
getsUSBUSART@len                          cstackBANK0  00006D
i2USBDeviceInit@i                         cstackCOMRAM 00000D
i2USBTransferOnePacket@data               cstackCOMRAM 000002
i2USBTransferOnePacket@dir                cstackCOMRAM 000001
i2USBTransferOnePacket@ep                 cstackCOMRAM 000009
i2USBTransferOnePacket@handle             cstackCOMRAM 00000A
i2USBTransferOnePacket@len                cstackCOMRAM 000004
i2_USBDeviceInit                          text47       003F48
i2_USBTransferOnePacket                   text66       00445A
i2_memset                                 text59       003866
i2memset@c                                cstackCOMRAM 000003
i2memset@dest                             cstackCOMRAM 000001
i2memset@k                                cstackCOMRAM 000009
i2memset@n                                cstackCOMRAM 000005
i2memset@s                                cstackCOMRAM 00000B
int$flags                                 temp         000055
int_func                                  intcode_body 00526E
intlevel0                                 text         000000
intlevel1                                 text         000000
intlevel2                                 text         000000
intlevel3                                 text         000000
isa$std                                   (abs)        000001
isa$xinst                                 (abs)        000000
isdigit@c                                 cstackBANK0  000060
islower@c                                 cstackBANK0  000060
isspace@c                                 cstackBANK0  000060
isxdigit@c                                cstackBANK0  000060
memcpy@d                                  cstackCOMRAM 000007
memcpy@d1                                 cstackCOMRAM 000001
memcpy@n                                  cstackCOMRAM 000005
memcpy@s                                  cstackCOMRAM 000009
memcpy@s1                                 cstackCOMRAM 000003
memcpy@tmp                                cstackCOMRAM 00000B
memset@c                                  cstackBANK0  000062
memset@dest                               cstackBANK0  000060
memset@k                                  cstackBANK0  000068
memset@n                                  cstackBANK0  000064
memset@s                                  cstackBANK0  00006A
nanf@s                                    cstackBANK0  000060
nanf@u                                    cstackBANK0  000064
putUSBUSART@data                          cstackBANK0  000060
putUSBUSART@length                        cstackBANK0  000062
stackhi                                   (abs)        0003FF
stacklo                                   (abs)        000177
start                                     init         00100E
start_initialization                      cinit        005A1A
strchr@c                                  cstackBANK0  000062
strchr@s                                  cstackBANK0  000060
strcspn@c                                 cstackBANK0  000066
strcspn@i                                 cstackBANK0  000069
strcspn@s                                 cstackBANK0  000064
strspn@c                                  cstackBANK0  000066
strspn@i                                  cstackBANK0  000069
strspn@s                                  cstackBANK0  000064
strtof@_u                                 cstackBANK0  00009A
strtof@digit                              cstackBANK0  000094
strtof@eexp                               cstackBANK0  000098
strtof@expon                              cstackBANK0  000096
strtof@flags                              cstackBANK0  000095
strtof@i                                  cstackBANK0  00009E
strtof@res                                cstackBANK0  00007B
strtof@s                                  cstackBANK0  000079
strtok@p                                  bssBANK0     0000ED
strtok@s                                  cstackBANK0  00006B
strtok@sep                                cstackBANK0  00006D
toupper@c                                 cstackBANK0  000066
truncf@F527                               bssBANK0     0000DD
truncf@e                                  cstackBANK0  0000AD
truncf@m                                  cstackBANK0  0000A9
truncf@u                                  cstackBANK0  0000AF
truncf@x                                  cstackBANK0  00009F
ttemp5                                    temp         000056
ttemp6                                    temp         000059
ttemp7                                    temp         00005D
wtemp8                                    temp         000056


MODULE INFORMATION

Module		Function		Class		Link	Load	Size
C:\Program Files\Microchip\xc8\v2.32\pic\sources\c99\common\memset.c
		_memset        		CODE           	36EE	0000	376

C:\Program Files\Microchip\xc8\v2.32\pic\sources\c99\common\memset.c estimated size: 376

C:\Program Files\Microchip\xc8\v2.32\pic\sources\c99\common\isxdigit.c
		_isxdigit      		CODE           	593C	0000	114

C:\Program Files\Microchip\xc8\v2.32\pic\sources\c99\common\isxdigit.c estimated size: 114

C:\Program Files\Microchip\xc8\v2.32\pic\sources\c99\common\isdigit.c
		_isdigit       		CODE           	5F00	0000	58

C:\Program Files\Microchip\xc8\v2.32\pic\sources\c99\common\isdigit.c estimated size: 58

C:\Program Files\Microchip\xc8\v2.32\pic\sources\c99\common\flneg.c
		___flneg       		CODE           	5F3A	0000	58

C:\Program Files\Microchip\xc8\v2.32\pic\sources\c99\common\flneg.c estimated size: 58

C:\Program Files\Microchip\xc8\v2.32\pic\sources\c99\common\strspn.c
		_strspn        		CODE           	5A84	0000	106

C:\Program Files\Microchip\xc8\v2.32\pic\sources\c99\common\strspn.c estimated size: 106

C:\Program Files\Microchip\xc8\v2.32\pic\sources\c99\common\nanf.c
		_nanf          		CODE           	60FC	0000	36

C:\Program Files\Microchip\xc8\v2.32\pic\sources\c99\common\nanf.c estimated size: 36

C:\Program Files\Microchip\xc8\v2.32\pic\sources\c99\common\strtof.c
		_strtof        		CODE           	1156	0000	4474

C:\Program Files\Microchip\xc8\v2.32\pic\sources\c99\common\strtof.c estimated size: 4474

C:\Program Files\Microchip\xc8\v2.32\pic\sources\c99\common\memcpy.c
		_memcpy        		CODE           	5D24	0000	80

C:\Program Files\Microchip\xc8\v2.32\pic\sources\c99\common\memcpy.c estimated size: 80

usb_cdc_lib.c
		_isUSBReady    		CODE           	5F74	0000	56
		_initUSBLib    		CODE           	6154	0000	14
		_processUSBTasks		CODE           	604C	0000	48

usb_cdc_lib.c estimated size: 118

timer0.c
		_Timer0_Init   		CODE           	6120	0000	32
		_TIMER0_Set_TMR0L_Reg		CODE           	616C	0000	10

timer0.c estimated size: 42

pins_config.c
		_GPIO_Init     		CODE           	5E46	0000	66

pins_config.c estimated size: 66

C:\Program Files\Microchip\xc8\v2.32\pic\sources\c99\common\fleq.c
		___fleq        		CODE           	5554	0000	172

C:\Program Files\Microchip\xc8\v2.32\pic\sources\c99\common\fleq.c estimated size: 172

C:\Program Files\Microchip\xc8\v2.32\pic\sources\c99\common\Umul16.c
		___wmul        		CODE           	60D4	0000	40

C:\Program Files\Microchip\xc8\v2.32\pic\sources\c99\common\Umul16.c estimated size: 40

C:\Program Files\Microchip\xc8\v2.32\pic\sources\c99\common\isspace.c
		_isspace       		CODE           	5CD0	0000	84

C:\Program Files\Microchip\xc8\v2.32\pic\sources\c99\common\isspace.c estimated size: 84

C:\Program Files\Microchip\xc8\v2.32\pic\sources\c99\common\strtok.c
		_strtok        		CODE           	4FDA	0000	228

C:\Program Files\Microchip\xc8\v2.32\pic\sources\c99\common\strtok.c estimated size: 228

C:\Program Files\Microchip\xc8\v2.32\pic\sources\c99\common\islower.c
		_islower       		CODE           	5EC6	0000	58

C:\Program Files\Microchip\xc8\v2.32\pic\sources\c99\common\islower.c estimated size: 58

shared
		_configDescriptor1		MEDIUMCONST    	101B	0000	67
		_USB_CD_Ptr    		MEDIUMCONST    	1019	0000	2
		_sd001         		MEDIUMCONST    	105E	0000	38
		_sd002         		MEDIUMCONST    	1084	0000	32
		i2_USBDeviceInit		CODE           	3F48	0000	330
		__initialization		CODE           	5A1A	0000	92
		_device_dsc    		MEDIUMCONST    	10A4	0000	18
		_USB_SD_Ptr    		MEDIUMCONST    	1013	0000	6
		i2_memset      		CODE           	3866	0000	374
		_sd000         		MEDIUMCONST    	10B6	0000	4
		i2_USBTransferOnePacket		CODE           	445A	0000	318

shared estimated size: 1281

C:\Program Files\Microchip\xc8\v2.32\pic\sources\c99\common\sprcmul.c
		___flmul       		CODE           	22D0	0000	1068

C:\Program Files\Microchip\xc8\v2.32\pic\sources\c99\common\sprcmul.c estimated size: 1068

usb_device_cdc.c
		_CDCTxService  		CODE           	3552	0000	412
		_CDCInitEP     		CODE           	5B58	0000	100
		_putUSBUSART   		CODE           	607C	0000	44
		_getsUSBUSART  		CODE           	5330	0000	184
		_USBCheckCDCRequest		CODE           	48DC	0000	268

usb_device_cdc.c estimated size: 1008

usb_device_events.c
		_USER_USB_CALLBACK_EVENT_HANDLER		CODE           	573C	0000	136

usb_device_events.c estimated size: 136

C:\Program Files\Microchip\xc8\v2.32\pic\sources\c99\common\sprcdiv.c
		___fldiv       		CODE           	26FC	0000	924

C:\Program Files\Microchip\xc8\v2.32\pic\sources\c99\common\sprcdiv.c estimated size: 924

C:\Program Files\Microchip\xc8\v2.32\pic\sources\c99\common\toupper.c
		_toupper       		CODE           	5BBC	0000	96

C:\Program Files\Microchip\xc8\v2.32\pic\sources\c99\common\toupper.c estimated size: 96

usb_device.c
		_USBCtrlTrfInHandler		CODE           	49E8	0000	266
		_USBTransferOnePacket		CODE           	41D6	0000	322
		_USBDeviceAttach		CODE           	5E04	0000	66
		_USBStdGetDscHandler		CODE           	39DC	0000	372
		_USBCtrlEPAllowDataStage		CODE           	54A0	0000	180
		_USBStdFeatureReqHandler		CODE           	2E16	0000	860
		_USBCtrlEPAllowStatusStage		CODE           	4DFE	0000	242
		_USBCtrlTrfSetupHandler		CODE           	56AC	0000	144
		_USBCtrlTrfOutHandler		CODE           	58C8	0000	116
		_USBCtrlEPServiceComplete		CODE           	4318	0000	322
		_USBSuspend    		CODE           	60A8	0000	44
		_USBStdSetCfgHandler		CODE           	4EF0	0000	234
		_USBStdGetStatusHandler		CODE           	47CE	0000	270
		_USBWakeFromSuspend		CODE           	5E88	0000	62
		_USBCtrlTrfRxService		CODE           	4092	0000	324
		_USBCtrlTrfTxService		CODE           	46BE	0000	272
		_USBEnableEndpoint		CODE           	5D74	0000	76
		_USBConfigureEndpoint		CODE           	5600	0000	172
		_USBDeviceInit 		CODE           	3DFE	0000	330
		_USBIncrement1msInternalTimers		CODE           	601A	0000	50
		_USBCtrlEPService		CODE           	53E8	0000	184
		_USBStallHandler		CODE           	5C1C	0000	96
		_USBDeviceTasks		CODE           	3172	0000	552
		_USBCheckStdRequest		CODE           	4598	0000	294

usb_device.c estimated size: 5850

C:\Program Files\Microchip\xc8\v2.32\pic\sources\c99\common\Umul32.c
		___lmul        		CODE           	59AE	0000	108

C:\Program Files\Microchip\xc8\v2.32\pic\sources\c99\common\Umul32.c estimated size: 108

C:\Program Files\Microchip\xc8\v2.32\pic\sources\c99\common\fltol.c
		___fltol       		CODE           	4AF2	0000	264

C:\Program Files\Microchip\xc8\v2.32\pic\sources\c99\common\fltol.c estimated size: 264

C:\Program Files\Microchip\xc8\v2.32\pic\sources\c99\common\xxtofl.c
		___xxtofl      		CODE           	339A	0000	440

C:\Program Files\Microchip\xc8\v2.32\pic\sources\c99\common\xxtofl.c estimated size: 440

main.c
		_PrintMotorDirConfig		CODE           	5DC0	0000	68
		_main          		CODE           	5FE4	0000	54
		_Motors_Init   		CODE           	5FAC	0000	56
		_MEF_GoHome    		CODE           	3B50	0000	354
		_CommandDetermine		CODE           	2A98	0000	894
		_MEF_DataArrive		CODE           	519A	0000	212
		_MicroStepSet  		CODE           	4D00	0000	254
		_protocol_main_loop		CODE           	6162	0000	10
		_mainISR       		CODE           	1008	0000	200
		_DirectionSet  		CODE           	5846	0000	130
		_MEF_Principal 		CODE           	50BE	0000	220
		_MotorStateSet 		CODE           	57C4	0000	130

main.c estimated size: 2582

C:\Program Files\Microchip\xc8\v2.32\pic\sources\c99\common\flge.c
		___flge        		CODE           	4BFA	0000	262

C:\Program Files\Microchip\xc8\v2.32\pic\sources\c99\common\flge.c estimated size: 262

C:\Program Files\Microchip\xc8\v2.32\pic\sources\c99\common\strcspn.c
		_strcspn       		CODE           	5AEE	0000	106

C:\Program Files\Microchip\xc8\v2.32\pic\sources\c99\common\strcspn.c estimated size: 106

C:\Program Files\Microchip\xc8\v2.32\pic\sources\c99\common\truncf.c
		_truncf        		CODE           	3CB2	0000	332

C:\Program Files\Microchip\xc8\v2.32\pic\sources\c99\common\truncf.c estimated size: 332

C:\Program Files\Microchip\xc8\v2.32\pic\sources\c99\common\strchr.c
		_strchr        		CODE           	5C7C	0000	84

C:\Program Files\Microchip\xc8\v2.32\pic\sources\c99\common\strchr.c estimated size: 84

